
Allocating common symbols
Common symbol       size              file

netbufpool          0x4               binaries/net.o
readylist           0x2               binaries/ready.o
rfltab              0x5a0             binaries/rflinit.o
sleepq              0x2               binaries/clkinit.o
loadmode            0x4               binaries/elfload.o
nnames              0x4               binaries/naminit.o
udptab              0x168             binaries/udp.o
minheap             0x4               binaries/meminit.o
marks               0x50              binaries/mark.o
currpid             0x4               binaries/initialize.o
Lf_data             0x20c             binaries/lfsinit.o
porttab             0x2d0             binaries/ptinit.o
girmask             0x2               binaries/evec.o
ttytab              0x110             binaries/ttyinit.o
proctab             0x15e0            binaries/initialize.o
prcount             0x4               binaries/initialize.o
lfltab              0xf00             binaries/lflinit.o
rdstab              0x8c              binaries/rdsinit.o
ethertab            0x138             binaries/ethinit.o
NetData             0xa8              binaries/net.o
nmarks              0x4               binaries/mark.o
Defer               0x8               binaries/resched.o
semtab              0x4b0             binaries/initialize.o
maxheap             0x4               binaries/meminit.o
preempt             0x4               binaries/clkinit.o
buftab              0xf0              binaries/bufinit.o
Rf_data             0x18              binaries/rfsinit.o
mkmutex             0x4               binaries/mark.o
syshdr              0x4               binaries/elfload.o
libheads            0x24              binaries/load_library.o
clktime             0x4               binaries/clkinit.o
arpcache            0x140             binaries/arp.o
icmptab             0x230             binaries/icmp.o
nbpools             0x4               binaries/bufinit.o
queuetab            0x980             binaries/queue.o
ptnextid            0x4               binaries/ptinit.o
Ram                 0x19000           binaries/raminit.o
ipoqueue            0x2c              binaries/ip.o
memlist             0x8               binaries/initialize.o
funrecs             0x174             binaries/elfload.o
nametab             0x19a0            binaries/naminit.o
ptfree              0x4               binaries/ptinit.o

Memory Configuration

Name             Origin             Length             Attributes
*default*        0x0000000000000000 0xffffffffffffffff

Linker script and memory map

                0x0000000000100000                physbase = 0x100000
                0x0000000000100000                . = physbase
                0x0000000000100000                . = ALIGN (0x1000)

.text           0x0000000000100000    0x15000
                0x0000000000100000                text = ABSOLUTE (.)
 *(.text .text.*)
 .text          0x0000000000100000      0x1ac binaries/start.o
                0x0000000000100028                start
                0x00000000001000fa                inb
                0x0000000000100102                inw
                0x000000000010010b                inl
                0x0000000000100113                outb
                0x000000000010011d                outw
                0x0000000000100128                outl
                0x0000000000100132                _rtcin
                0x000000000010013d                ___udivsi3
                0x0000000000100148                ___divsi3
                0x0000000000100154                sbzero
                0x0000000000100164                bcopy
                0x0000000000100178                insw
                0x000000000010018e                outsw
                0x00000000001001a4                lidt
 .text          0x00000000001001ac      0x2fa binaries/ascdate.o
                0x00000000001001ac                ascdate
 *fill*         0x00000000001004a6        0x2 
 .text          0x00000000001004a8       0x10 binaries/bufinit.o
                0x00000000001004a8                bufinit
 .text          0x00000000001004b8       0x6a binaries/chprio.o
                0x00000000001004b8                chprio
 *fill*         0x0000000000100522        0x2 
 .text          0x0000000000100524       0x71 binaries/clkhandler.o
                0x0000000000100524                clkhandler
 *fill*         0x0000000000100595        0x3 
 .text          0x0000000000100598       0x76 binaries/clkinit.o
                0x0000000000100598                clkinit
 *fill*         0x000000000010060e        0x2 
 .text          0x0000000000100610       0x4e binaries/close.o
                0x0000000000100610                close
 *fill*         0x000000000010065e        0x2 
 .text          0x0000000000100660        0x0 binaries/conf.o
 .text          0x0000000000100660       0x66 binaries/control.o
                0x0000000000100660                control
 *fill*         0x00000000001006c6        0x2 
 .text          0x00000000001006c8      0x21a binaries/create.o
                0x00000000001006c8                create
 *fill*         0x00000000001008e2        0x2 
 .text          0x00000000001008e4      0x2b4 binaries/early_imr.o
                0x00000000001008e4                intel_cln_early_sb_read_reg
                0x000000000010094b                intel_cln_early_sb_write_reg
                0x0000000000100a56                remove_irm_protections
 .text          0x0000000000100b98      0x970 binaries/elfload.o
                0x0000000000100b98                elf_check_file
                0x0000000000100c04                elf_check_supported
                0x0000000000100ca3                elf_readxinu
                0x0000000000100d1d                strcomp
                0x0000000000100d4b                elf_lookup_symbol
                0x0000000000100e39                elf_lookup_main
                0x0000000000100f50                memsets
                0x0000000000100f6d                putfunc
                0x0000000000101047                elf_load_stage3
                0x0000000000101202                elf_load_file
                0x00000000001014f9                setloadmode
 .text          0x0000000000101508      0x376 binaries/evec.o
                0x0000000000101508                setirmask
                0x0000000000101546                set_evec
                0x00000000001015a3                initevec
                0x00000000001016b3                trap
 *fill*         0x000000000010187e        0x2 
 .text          0x0000000000101880       0x14 binaries/exit.o
                0x0000000000101880                exit
 .text          0x0000000000101894       0x65 binaries/find_library_function.o
                0x0000000000101894                find_library_function
 *fill*         0x00000000001018f9        0x3 
 .text          0x00000000001018fc       0x67 binaries/freebuf.o
                0x00000000001018fc                freebuf
 *fill*         0x0000000000101963        0x1 
 .text          0x0000000000101964       0xec binaries/freemem.o
                0x0000000000101964                freemem
 .text          0x0000000000101a50       0x64 binaries/getbuf.o
                0x0000000000101a50                getbuf
 .text          0x0000000000101ab4       0x4e binaries/getc.o
                0x0000000000101ab4                getc
 *fill*         0x0000000000101b02        0x2 
 .text          0x0000000000101b04       0x60 binaries/getdev.o
                0x0000000000101b04                getdev
 .text          0x0000000000101b64       0x83 binaries/getitem.o
                0x0000000000101b64                getitem
                0x0000000000101b90                getlast
                0x0000000000101bbe                getfirst
 *fill*         0x0000000000101be7        0x1 
 .text          0x0000000000101be8       0xb0 binaries/getmem.o
                0x0000000000101be8                getmem
 .text          0x0000000000101c98        0x6 binaries/getpid.o
                0x0000000000101c98                getpid
 *fill*         0x0000000000101c9e        0x2 
 .text          0x0000000000101ca0       0x5b binaries/getprio.o
                0x0000000000101ca0                getprio
 *fill*         0x0000000000101cfb        0x1 
 .text          0x0000000000101cfc       0x9a binaries/getstk.o
                0x0000000000101cfc                getstk
 *fill*         0x0000000000101d96        0x2 
 .text          0x0000000000101d98       0x34 binaries/gettime.o
                0x0000000000101d98                gettime
 .text          0x0000000000101dcc      0x1b9 binaries/getutime.o
                0x0000000000101dcc                getutime
 *fill*         0x0000000000101f85        0x3 
 .text          0x0000000000101f88       0x4e binaries/init.o
                0x0000000000101f88                init
 *fill*         0x0000000000101fd6        0x2 
 .text          0x0000000000101fd8      0x27b binaries/initialize.o
                0x0000000000101fd8                nulluser
                0x000000000010220b                stop
                0x0000000000102230                delay
 *fill*         0x0000000000102253        0x1 
 .text          0x0000000000102254       0xa0 binaries/insert.o
                0x0000000000102254                insert
 .text          0x00000000001022f4       0xee binaries/insertd.o
                0x00000000001022f4                insertd
 *fill*         0x00000000001023e2        0x2 
 .text          0x00000000001023e4        0x6 binaries/ioerr.o
                0x00000000001023e4                ioerr
 *fill*         0x00000000001023ea        0x2 
 .text          0x00000000001023ec        0x6 binaries/ionull.o
                0x00000000001023ec                ionull
 *fill*         0x00000000001023f2        0x2 
 .text          0x00000000001023f4      0x131 binaries/kill.o
                0x00000000001023f4                kill
 *fill*         0x0000000000102525        0x3 
 .text          0x0000000000102528       0x92 binaries/kprintf.o
                0x0000000000102528                kputc
                0x0000000000102566                kgetc
                0x0000000000102592                kprintf
 *fill*         0x00000000001025ba        0x2 
 .text          0x00000000001025bc       0xaa binaries/load_library.o
                0x00000000001025bc                load_library
 *fill*         0x0000000000102666        0x2 
 .text          0x0000000000102668       0xa3 binaries/load_program.o
                0x0000000000102668                load_program
 *fill*         0x000000000010270b        0x1 
 .text          0x000000000010270c      0x1a0 binaries/main.o
                0x000000000010270c                main
 .text          0x00000000001028ac       0x90 binaries/mark.o
                0x00000000001028ac                markinit
                0x00000000001028ce                mark
 .text          0x000000000010293c      0x1c1 binaries/meminit.o
                0x000000000010293c                meminit
                0x0000000000102a9a                setsegs
 *fill*         0x0000000000102afd        0x3 
 .text          0x0000000000102b00      0x115 binaries/mkbufpool.o
                0x0000000000102b00                mkbufpool
 *fill*         0x0000000000102c15        0x3 
 .text          0x0000000000102c18       0x5e binaries/newqueue.o
                0x0000000000102c18                newqueue
 *fill*         0x0000000000102c76        0x2 
 .text          0x0000000000102c78       0x5e binaries/open.o
                0x0000000000102c78                open
 *fill*         0x0000000000102cd6        0x2 
 .text          0x0000000000102cd8       0x1e binaries/panic.o
                0x0000000000102cd8                panic
 *fill*         0x0000000000102cf6        0x2 
 .text          0x0000000000102cf8      0x281 binaries/pci.o
                0x0000000000102cf8                pci_init
                0x0000000000102cfe                find_pci_device
                0x0000000000102dc7                pci_read_config_byte
                0x0000000000102e02                pci_read_config_word
                0x0000000000102e3f                pci_read_config_dword
                0x0000000000102e7a                pci_write_config_byte
                0x0000000000102eb3                pci_write_config_word
                0x0000000000102eed                pci_write_config_dword
                0x0000000000102f26                pci_get_dev_mmio_base_addr
 *fill*         0x0000000000102f79        0x3 
 .text          0x0000000000102f7c       0x98 binaries/platinit.o
                0x0000000000102f7c                console_init
                0x0000000000102fbb                platinit
 .text          0x0000000000103014       0xa6 binaries/ptclear.o
                0x0000000000103014                _ptclear
 *fill*         0x00000000001030ba        0x2 
 .text          0x00000000001030bc       0x6e binaries/ptcount.o
                0x00000000001030bc                ptcount
 *fill*         0x000000000010312a        0x2 
 .text          0x000000000010312c       0xbd binaries/ptcreate.o
                0x000000000010312c                ptcreate
 *fill*         0x00000000001031e9        0x3 
 .text          0x00000000001031ec       0x66 binaries/ptdelete.o
                0x00000000001031ec                ptdelete
 *fill*         0x0000000000103252        0x2 
 .text          0x0000000000103254       0x87 binaries/ptinit.o
                0x0000000000103254                ptinit
 *fill*         0x00000000001032db        0x1 
 .text          0x00000000001032dc       0xb5 binaries/ptrecv.o
                0x00000000001032dc                ptrecv
 *fill*         0x0000000000103391        0x3 
 .text          0x0000000000103394       0x60 binaries/ptreset.o
                0x0000000000103394                ptreset
 .text          0x00000000001033f4       0xd0 binaries/ptsend.o
                0x00000000001033f4                ptsend
 .text          0x00000000001034c4       0x5b binaries/putc.o
                0x00000000001034c4                putc
 *fill*         0x000000000010351f        0x1 
 .text          0x0000000000103520       0xd5 binaries/quark_irq.o
                0x0000000000103520                quark_irq_routing
 *fill*         0x00000000001035f5        0x3 
 .text          0x00000000001035f8      0x1d9 binaries/quark_pdat.o
                0x00000000001035f8                get_quark_pdat_entry_data_by_id
                0x00000000001036dd                get_quark_pdat_entry_data_by_desc
 *fill*         0x00000000001037d1        0x3 
 .text          0x00000000001037d4       0xb3 binaries/queue.o
                0x00000000001037d4                enqueue
                0x0000000000103840                dequeue
 *fill*         0x0000000000103887        0x1 
 .text          0x0000000000103888       0x5e binaries/read.o
                0x0000000000103888                read
 *fill*         0x00000000001038e6        0x2 
 .text          0x00000000001038e8       0x6e binaries/ready.o
                0x00000000001038e8                ready
 *fill*         0x0000000000103956        0x2 
 .text          0x0000000000103958       0x51 binaries/receive.o
                0x0000000000103958                receive
 *fill*         0x00000000001039a9        0x3 
 .text          0x00000000001039ac       0x42 binaries/recvclr.o
                0x00000000001039ac                recvclr
 *fill*         0x00000000001039ee        0x2 
 .text          0x00000000001039f0       0x99 binaries/recvtime.o
                0x00000000001039f0                recvtime
 *fill*         0x0000000000103a89        0x3 
 .text          0x0000000000103a8c      0x12e binaries/resched.o
                0x0000000000103a8c                resched
                0x0000000000103b49                resched_cntl
 *fill*         0x0000000000103bba        0x2 
 .text          0x0000000000103bbc       0x87 binaries/resume.o
                0x0000000000103bbc                resume
 *fill*         0x0000000000103c43        0x1 
 .text          0x0000000000103c44       0x56 binaries/seek.o
                0x0000000000103c44                seek
 *fill*         0x0000000000103c9a        0x2 
 .text          0x0000000000103c9c       0x47 binaries/semcount.o
                0x0000000000103c9c                semcount
 *fill*         0x0000000000103ce3        0x1 
 .text          0x0000000000103ce4       0x8f binaries/semcreate.o
                0x0000000000103ce4                semcreate
 *fill*         0x0000000000103d73        0x1 
 .text          0x0000000000103d74       0xa8 binaries/semdelete.o
                0x0000000000103d74                semdelete
 .text          0x0000000000103e1c       0x95 binaries/semreset.o
                0x0000000000103e1c                semreset
 *fill*         0x0000000000103eb1        0x3 
 .text          0x0000000000103eb4       0xb4 binaries/send.o
                0x0000000000103eb4                send
 .text          0x0000000000103f68       0x7c binaries/signal.o
                0x0000000000103f68                signal
 .text          0x0000000000103fe4       0xa8 binaries/signaln.o
                0x0000000000103fe4                signaln
 .text          0x000000000010408c       0xbc binaries/sleep.o
                0x000000000010408c                sleepms
                0x0000000000104116                sleep
 .text          0x0000000000104148      0x17a binaries/stacktrace.o
                0x0000000000104148                stacktrace
 *fill*         0x00000000001042c2        0x2 
 .text          0x00000000001042c4       0xb2 binaries/suspend.o
                0x00000000001042c4                suspend
 *fill*         0x0000000000104376        0x2 
 .text          0x0000000000104378       0xa8 binaries/unsleep.o
                0x0000000000104378                unsleep
 .text          0x0000000000104420       0x14 binaries/userret.o
                0x0000000000104420                userret
 .text          0x0000000000104434       0x9f binaries/wait.o
                0x0000000000104434                wait
 *fill*         0x00000000001044d3        0x1 
 .text          0x00000000001044d4       0x71 binaries/wakeup.o
                0x00000000001044d4                wakeup
 *fill*         0x0000000000104545        0x3 
 .text          0x0000000000104548       0x5e binaries/write.o
                0x0000000000104548                write
 *fill*         0x00000000001045a6        0x2 
 .text          0x00000000001045a8       0x18 binaries/xdone.o
                0x00000000001045a8                xdone
 .text          0x00000000001045c0       0x22 binaries/yield.o
                0x00000000001045c0                yield
 *fill*         0x00000000001045e2        0x2 
 .text          0x00000000001045e4        0xe binaries/abs.o
                0x00000000001045e4                abs
 *fill*         0x00000000001045f2        0x2 
 .text          0x00000000001045f4       0x6a binaries/atoi.o
                0x00000000001045f4                atoi
 *fill*         0x000000000010465e        0x2 
 .text          0x0000000000104660       0x6a binaries/atol.o
                0x0000000000104660                atol
 *fill*         0x00000000001046ca        0x2 
 .text          0x00000000001046cc       0x19 binaries/bzero.o
                0x00000000001046cc                bzero
 *fill*         0x00000000001046e5        0x3 
 .text          0x00000000001046e8        0x0 binaries/ctype_.o
 .text          0x00000000001046e8      0x705 binaries/doprnt.o
                0x000000000010481e                _doprnt
 *fill*         0x0000000000104ded        0x3 
 .text          0x0000000000104df0      0x634 binaries/doscan.o
                0x0000000000104df0                _doscan
 .text          0x0000000000105424      0x6dd binaries/fdoprnt.o
                0x000000000010549e                _fdoprnt
 *fill*         0x0000000000105b01        0x3 
 .text          0x0000000000105b04       0x1c binaries/fgetc.o
                0x0000000000105b04                fgetc
 .text          0x0000000000105b20       0x5d binaries/fgets.o
                0x0000000000105b20                fgets
 *fill*         0x0000000000105b7d        0x3 
 .text          0x0000000000105b80       0x30 binaries/fprintf.o
                0x0000000000105b80                fprintf
 .text          0x0000000000105bb0       0x2c binaries/fputc.o
                0x0000000000105bb0                fputc
 .text          0x0000000000105bdc       0x37 binaries/fputs.o
                0x0000000000105bdc                fputs
 *fill*         0x0000000000105c13        0x1 
 .text          0x0000000000105c14       0x7a binaries/fscanf.o
                0x0000000000105c4b                fscanf
 *fill*         0x0000000000105c8e        0x2 
 .text          0x0000000000105c90       0x27 binaries/getchar.o
                0x0000000000105c90                getchar
 *fill*         0x0000000000105cb7        0x1 
 .text          0x0000000000105cb8        0xe binaries/labs.o
                0x0000000000105cb8                labs
 *fill*         0x0000000000105cc6        0x2 
 .text          0x0000000000105cc8       0x32 binaries/memchr.o
                0x0000000000105cc8                memchr
 *fill*         0x0000000000105cfa        0x2 
 .text          0x0000000000105cfc       0x4a binaries/memcmp.o
                0x0000000000105cfc                memcmp
 *fill*         0x0000000000105d46        0x2 
 .text          0x0000000000105d48       0x25 binaries/memcpy.o
                0x0000000000105d48                memcpy
 *fill*         0x0000000000105d6d        0x3 
 .text          0x0000000000105d70       0x1e binaries/memset.o
                0x0000000000105d70                memset
 *fill*         0x0000000000105d8e        0x2 
 .text          0x0000000000105d90       0x44 binaries/printf.o
                0x0000000000105d90                printf
 .text          0x0000000000105dd4       0x2f binaries/putchar.o
                0x0000000000105dd4                putchar
 *fill*         0x0000000000105e03        0x1 
 .text          0x0000000000105e04      0x1df binaries/qsort.o
                0x0000000000105fb8                qsort
 *fill*         0x0000000000105fe3        0x1 
 .text          0x0000000000105fe4       0x44 binaries/rand.o
                0x0000000000105fe4                srand
                0x0000000000105fee                rand
 .text          0x0000000000106028       0x51 binaries/sprintf.o
                0x000000000010603b                sprintf
 *fill*         0x0000000000106079        0x3 
 .text          0x000000000010607c       0x69 binaries/sscanf.o
                0x00000000001060a2                sscanf
 *fill*         0x00000000001060e5        0x3 
 .text          0x00000000001060e8       0x30 binaries/strchr.o
                0x00000000001060e8                strchr
 .text          0x0000000000106118       0x43 binaries/strcmp.o
                0x0000000000106118                strcmp
 *fill*         0x000000000010615b        0x1 
 .text          0x000000000010615c       0x18 binaries/strcpy.o
                0x000000000010615c                strcpy
 .text          0x0000000000106174       0x1c binaries/strlen.o
                0x0000000000106174                strlen
 .text          0x0000000000106190       0x36 binaries/strncat.o
                0x0000000000106190                strncat
 *fill*         0x00000000001061c6        0x2 
 .text          0x00000000001061c8       0x3d binaries/strncmp.o
                0x00000000001061c8                strncmp
 *fill*         0x0000000000106205        0x3 
 .text          0x0000000000106208       0x56 binaries/strncpy.o
                0x0000000000106208                strncpy
 *fill*         0x000000000010625e        0x2 
 .text          0x0000000000106260       0x2e binaries/strnlen.o
                0x0000000000106260                strnlen
 *fill*         0x000000000010628e        0x2 
 .text          0x0000000000106290       0x30 binaries/strrchr.o
                0x0000000000106290                strrchr
 .text          0x00000000001062c0       0x64 binaries/strstr.o
                0x00000000001062c0                strstr
 .text          0x0000000000106324       0xb9 binaries/ttycontrol.o
                0x0000000000106324                ttycontrol
 *fill*         0x00000000001063dd        0x3 
 .text          0x00000000001063e0       0x78 binaries/ttygetc.o
                0x00000000001063e0                ttygetc
 .text          0x0000000000106458      0x462 binaries/ttyhandle_in.o
                0x0000000000106507                ttyhandle_in
 *fill*         0x00000000001068ba        0x2 
 .text          0x00000000001068bc      0x162 binaries/ttyhandle_out.o
                0x00000000001068bc                ttyhandle_out
 *fill*         0x0000000000106a1e        0x2 
 .text          0x0000000000106a20       0x81 binaries/ttyhandler.o
                0x0000000000106a20                ttyhandler
 *fill*         0x0000000000106aa1        0x3 
 .text          0x0000000000106aa4      0x14b binaries/ttyinit.o
                0x0000000000106aa4                ttyinit
 *fill*         0x0000000000106bef        0x1 
 .text          0x0000000000106bf0        0xc binaries/ttykickout.o
                0x0000000000106bf0                ttykickout
 .text          0x0000000000106bfc       0x8a binaries/ttyputc.o
                0x0000000000106bfc                ttyputc
 *fill*         0x0000000000106c86        0x2 
 .text          0x0000000000106c88       0xd3 binaries/ttyread.o
                0x0000000000106c88                ttyread
 *fill*         0x0000000000106d5b        0x1 
 .text          0x0000000000106d5c       0x53 binaries/ttywrite.o
                0x0000000000106d5c                ttywrite
 *fill*         0x0000000000106daf        0x1 
 .text          0x0000000000106db0      0x10d binaries/mount.o
                0x0000000000106db0                namlen
                0x0000000000106de8                mount
 *fill*         0x0000000000106ebd        0x3 
 .text          0x0000000000106ec0      0x1ea binaries/naminit.o
                0x0000000000106ec0                naminit
 *fill*         0x00000000001070aa        0x2 
 .text          0x00000000001070ac      0x213 binaries/nammap.o
                0x00000000001070ac                namrepl
                0x00000000001071d1                namcpy
                0x000000000010721e                nammap
 *fill*         0x00000000001072bf        0x1 
 .text          0x00000000001072c0       0x58 binaries/namopen.o
                0x00000000001072c0                namopen
 .text          0x0000000000107318       0xd0 binaries/colon2mac.o
                0x0000000000107318                colon2mac
 .text          0x00000000001073e8       0x7b binaries/ethcontrol.o
                0x00000000001073e8                ethcontrol
 *fill*         0x0000000000107463        0x1 
 .text          0x0000000000107464       0xe1 binaries/ethhandler.o
                0x0000000000107464                ethhandler
 *fill*         0x0000000000107545        0x3 
 .text          0x0000000000107548      0x4c9 binaries/ethinit.o
                0x0000000000107548                eth_phy_read
                0x0000000000107585                eth_phy_write
                0x00000000001075c7                eth_phy_reset
                0x00000000001076c1                ethinit
 *fill*         0x0000000000107a11        0x3 
 .text          0x0000000000107a14      0x11b binaries/ethmcast.o
                0x0000000000107a14                ethmcast_add
                0x0000000000107a67                ethmcast_remove
 *fill*         0x0000000000107b2f        0x1 
 .text          0x0000000000107b30      0x13c binaries/ethread.o
                0x0000000000107b30                ethread
 .text          0x0000000000107c6c       0xa3 binaries/ethwrite.o
                0x0000000000107c6c                ethwrite
 *fill*         0x0000000000107d0f        0x1 
 .text          0x0000000000107d10       0x62 binaries/rdsbufalloc.o
                0x0000000000107d10                rdsbufalloc
 *fill*         0x0000000000107d72        0x2 
 .text          0x0000000000107d74       0x7d binaries/rdsclose.o
                0x0000000000107d74                rdsclose
 *fill*         0x0000000000107df1        0x3 
 .text          0x0000000000107df4      0x1fc binaries/rdscomm.o
                0x0000000000107df4                rdscomm
 .text          0x0000000000107ff0      0x197 binaries/rdscontrol.o
                0x0000000000107ff0                rdscontrol
 *fill*         0x0000000000108187        0x1 
 .text          0x0000000000108188      0x17e binaries/rdsinit.o
                0x0000000000108188                rdsinit
 *fill*         0x0000000000108306        0x2 
 .text          0x0000000000108308      0x162 binaries/rdsopen.o
                0x0000000000108308                rdsopen
 *fill*         0x000000000010846a        0x2 
 .text          0x000000000010846c      0x2d9 binaries/rdsprocess.o
                0x000000000010846c                rdsprocess
 *fill*         0x0000000000108745        0x3 
 .text          0x0000000000108748      0x183 binaries/rdsread.o
                0x0000000000108748                rdsread
 *fill*         0x00000000001088cb        0x1 
 .text          0x00000000001088cc      0x141 binaries/rdswrite.o
                0x00000000001088cc                rdswrite
 *fill*         0x0000000000108a0d        0x3 
 .text          0x0000000000108a10        0x6 binaries/ramclose.o
                0x0000000000108a10                ramclose
 *fill*         0x0000000000108a16        0x2 
 .text          0x0000000000108a18       0x44 binaries/raminit.o
                0x0000000000108a18                raminit
 .text          0x0000000000108a5c        0x7 binaries/ramopen.o
                0x0000000000108a5c                ramopen
 *fill*         0x0000000000108a63        0x1 
 .text          0x0000000000108a64       0x30 binaries/ramread.o
                0x0000000000108a64                ramread
 .text          0x0000000000108a94       0x30 binaries/ramwrite.o
                0x0000000000108a94                ramwrite
 .text          0x0000000000108ac4       0x91 binaries/lfdballoc.o
                0x0000000000108ac4                lfdballoc
 *fill*         0x0000000000108b55        0x3 
 .text          0x0000000000108b58       0x5d binaries/lfdbfree.o
                0x0000000000108b58                lfdbfree
 *fill*         0x0000000000108bb5        0x3 
 .text          0x0000000000108bb8       0xaa binaries/lfflush.o
                0x0000000000108bb8                lfflush
 *fill*         0x0000000000108c62        0x2 
 .text          0x0000000000108c64       0x77 binaries/lfgetmode.o
                0x0000000000108c64                lfgetmode
 *fill*         0x0000000000108cdb        0x1 
 .text          0x0000000000108cdc       0x68 binaries/lfiballoc.o
                0x0000000000108cdc                lfiballoc
 .text          0x0000000000108d44       0x25 binaries/lfibclear.o
                0x0000000000108d44                lfibclear
 *fill*         0x0000000000108d69        0x3 
 .text          0x0000000000108d6c       0x7a binaries/lfibget.o
                0x0000000000108d6c                lfibget
 *fill*         0x0000000000108de6        0x2 
 .text          0x0000000000108de8       0xa0 binaries/lfibput.o
                0x0000000000108de8                lfibput
 .text          0x0000000000108e88       0x76 binaries/lflclose.o
                0x0000000000108e88                lflclose
 *fill*         0x0000000000108efe        0x2 
 .text          0x0000000000108f00       0xa2 binaries/lflcontrol.o
                0x0000000000108f00                lflcontrol
 *fill*         0x0000000000108fa2        0x2 
 .text          0x0000000000108fa4       0x9c binaries/lflgetc.o
                0x0000000000108fa4                lflgetc
 .text          0x0000000000109040       0xb8 binaries/lflinit.o
                0x0000000000109040                lflinit
 .text          0x00000000001090f8       0xbc binaries/lflputc.o
                0x00000000001090f8                lflputc
 .text          0x00000000001091b4       0x6a binaries/lflread.o
                0x00000000001091b4                lflread
 *fill*         0x000000000010921e        0x2 
 .text          0x0000000000109220       0x82 binaries/lflseek.o
                0x0000000000109220                lflseek
 *fill*         0x00000000001092a2        0x2 
 .text          0x00000000001092a4       0x4f binaries/lflwrite.o
                0x00000000001092a4                lflwrite
 *fill*         0x00000000001092f3        0x1 
 .text          0x00000000001092f4      0x129 binaries/lfsckfmt.o
                0x00000000001092f4                lfsckfmt
 *fill*         0x000000000010941d        0x3 
 .text          0x0000000000109420      0x1c9 binaries/lfscreate.o
                0x0000000000109420                lfscreate
 *fill*         0x00000000001095e9        0x3 
 .text          0x00000000001095ec      0x1ad binaries/lfsetup.o
                0x00000000001095ec                lfsetup
 *fill*         0x0000000000109799        0x3 
 .text          0x000000000010979c       0x51 binaries/lfsinit.o
                0x000000000010979c                lfsinit
 *fill*         0x00000000001097ed        0x3 
 .text          0x00000000001097f0      0x2b2 binaries/lfsopen.o
                0x00000000001097f0                lfsopen
 *fill*         0x0000000000109aa2        0x2 
 .text          0x0000000000109aa4      0x11c binaries/lftruncate.o
                0x0000000000109aa4                lftruncate
 .text          0x0000000000109bc0      0x157 binaries/rflclose.o
                0x0000000000109bc0                rflclose
 *fill*         0x0000000000109d17        0x1 
 .text          0x0000000000109d18       0x34 binaries/rflgetc.o
                0x0000000000109d18                rflgetc
 .text          0x0000000000109d4c       0x4b binaries/rflinit.o
                0x0000000000109d4c                rflinit
 *fill*         0x0000000000109d97        0x1 
 .text          0x0000000000109d98       0x3a binaries/rflputc.o
                0x0000000000109d98                rflputc
 *fill*         0x0000000000109dd2        0x2 
 .text          0x0000000000109dd4      0x366 binaries/rflread.o
                0x0000000000109dd4                rflread
 *fill*         0x000000000010a13a        0x2 
 .text          0x000000000010a13c       0x60 binaries/rflseek.o
                0x000000000010a13c                rflseek
 .text          0x000000000010a19c      0x2b5 binaries/rflwrite.o
                0x000000000010a19c                rflwrite
 *fill*         0x000000000010a451        0x3 
 .text          0x000000000010a454      0x17b binaries/rfscomm.o
                0x000000000010a454                rfscomm
 *fill*         0x000000000010a5cf        0x1 
 .text          0x000000000010a5d0      0x25a binaries/rfscontrol.o
                0x000000000010a5d0                rfscontrol
 *fill*         0x000000000010a82a        0x2 
 .text          0x000000000010a82c       0x77 binaries/rfsgetmode.o
                0x000000000010a82c                rfsgetmode
 *fill*         0x000000000010a8a3        0x1 
 .text          0x000000000010a8a4       0x76 binaries/rfsinit.o
                0x000000000010a8a4                rfsinit
 *fill*         0x000000000010a91a        0x2 
 .text          0x000000000010a91c       0xbe binaries/rfsndmsg.o
                0x000000000010a91c                rfsndmsg
 *fill*         0x000000000010a9da        0x2 
 .text          0x000000000010a9dc      0x233 binaries/rfsopen.o
                0x000000000010a9dc                rfsopen
 *fill*         0x000000000010ac0f        0x1 
 .text          0x000000000010ac10      0x664 binaries/arp.o
                0x000000000010ac10                arp_init
                0x000000000010ac28                arp_alloc
                0x000000000010acd3                arp_ntoh
                0x000000000010ad45                arp_hton
                0x000000000010adb7                arp_in
                0x000000000010afef                arp_resolve
 .text          0x000000000010b274      0x627 binaries/dhcp.o
                0x000000000010b274                dhcp_get_opt_val
                0x000000000010b2bd                dhcp_bld_bootp_msg
                0x000000000010b3be                dhcp_bld_disc
                0x000000000010b410                dhcp_bld_req
                0x000000000010b4ae                getlocalip
 *fill*         0x000000000010b89b        0x1 
 .text          0x000000000010b89c      0x40e binaries/dns.o
                0x000000000010b89c                dns_bldq
                0x000000000010b932                dns_getrname
                0x000000000010b9dc                dns_geta
                0x000000000010bb15                dns_qa
 *fill*         0x000000000010bcaa        0x2 
 .text          0x000000000010bcac       0xdf binaries/dot2ip.o
                0x000000000010bcac                dot2ip
 *fill*         0x000000000010bd8b        0x1 
 .text          0x000000000010bd8c      0x35d binaries/hexdump.o
                0x000000000010bd8c                hexdump
                0x000000000010beb6                hexadump
 *fill*         0x000000000010c0e9        0x3 
 .text          0x000000000010c0ec      0x60b binaries/icmp.o
                0x000000000010c0ec                icmp_init
                0x000000000010c104                icmp_register
                0x000000000010c1c3                icmp_recv
                0x000000000010c31e                icmp_mkpkt
                0x000000000010c3f3                icmp_send
                0x000000000010c46f                icmp_in
                0x000000000010c5b0                icmp_release
                0x000000000010c66a                icmp_cksum
                0x000000000010c6cf                icmp_hton
                0x000000000010c6e3                icmp_ntoh
 *fill*         0x000000000010c6f7        0x1 
 .text          0x000000000010c6f8      0x57a binaries/ip.o
                0x000000000010c6f8                ip_local
                0x000000000010c72c                ipcksum
                0x000000000010c77a                ip_ntoh
                0x000000000010c7ec                ip_in
                0x000000000010c8e4                ip_hton
                0x000000000010c956                ip_out
                0x000000000010ca10                ip_send
                0x000000000010cb0b                ipout
                0x000000000010cbe6                ip_enqueue
 *fill*         0x000000000010cc72        0x2 
 .text          0x000000000010cc74      0x1d3 binaries/net.o
                0x000000000010cc74                net_init
                0x000000000010cdaf                eth_hton
                0x000000000010cdb9                eth_ntoh
                0x000000000010cdc3                netin
 *fill*         0x000000000010ce47        0x1 
 .text          0x000000000010ce48       0xd0 binaries/netstart.o
                0x000000000010ce48                netstart
 .text          0x000000000010cf18      0xb5f binaries/pdump.o
                0x000000000010cf18                pdump
                0x000000000010d58b                pdumph
 *fill*         0x000000000010da77        0x1 
 .text          0x000000000010da78      0x5e0 binaries/tftp.o
                0x000000000010da78                tftp_send1
                0x000000000010dbab                tftpget_mb
                0x000000000010e01b                tftpget
 .text          0x000000000010e058      0x7e9 binaries/udp.o
                0x000000000010e058                udp_init
                0x000000000010e095                udp_in
                0x000000000010e15b                udp_register
                0x000000000010e251                udp_recv
                0x000000000010e36c                udp_recvaddr
                0x000000000010e49e                udp_send
                0x000000000010e614                udp_sendto
                0x000000000010e75f                udp_release
                0x000000000010e819                udp_ntoh
                0x000000000010e82d                udp_hton
 *fill*         0x000000000010e841        0x3 
 .text          0x000000000010e844       0xff binaries/addargs.o
                0x000000000010e844                addargs
 *fill*         0x000000000010e943        0x1 
 .text          0x000000000010e944      0x1c4 binaries/lexan.o
                0x000000000010e944                lexan
 .text          0x000000000010eb08      0x6e3 binaries/shell.o
                0x000000000010eb08                shell
 *fill*         0x000000000010f1eb        0x1 
 .text          0x000000000010f1ec       0x5b binaries/xsh_argecho.o
                0x000000000010f1ec                xsh_argecho
 *fill*         0x000000000010f247        0x1 
 .text          0x000000000010f248      0x1e0 binaries/xsh_arp.o
                0x000000000010f248                xsh_arp
 .text          0x000000000010f428      0x21e binaries/xsh_cat.o
                0x000000000010f428                xsh_cat
 *fill*         0x000000000010f646        0x2 
 .text          0x000000000010f648       0x58 binaries/xsh_clear.o
                0x000000000010f648                xsh_clear
 .text          0x000000000010f6a0      0x2bf binaries/xsh_date.o
                0x000000000010f6a0                xsh_date
 *fill*         0x000000000010f95f        0x1 
 .text          0x000000000010f960       0x9b binaries/xsh_devdump.o
                0x000000000010f960                xsh_devdump
 *fill*         0x000000000010f9fb        0x1 
 .text          0x000000000010f9fc       0x60 binaries/xsh_echo.o
                0x000000000010f9fc                xsh_echo
 .text          0x000000000010fa5c        0x6 binaries/xsh_exit.o
                0x000000000010fa5c                xsh_exit
 *fill*         0x000000000010fa62        0x2 
 .text          0x000000000010fa64      0x32f binaries/xsh_help.o
                0x000000000010fa64                xsh_help
 *fill*         0x000000000010fd93        0x1 
 .text          0x000000000010fd94      0x42d binaries/xsh_ipaddr.o
                0x000000000010fd94                xsh_ipaddr
 *fill*         0x00000000001101c1        0x3 
 .text          0x00000000001101c4      0x1f6 binaries/xsh_kill.o
                0x00000000001101c4                xsh_kill
 *fill*         0x00000000001103ba        0x2 
 .text          0x00000000001103bc      0x405 binaries/xsh_memdump.o
                0x0000000000110480                xsh_memdump
 *fill*         0x00000000001107c1        0x3 
 .text          0x00000000001107c4      0x1fc binaries/xsh_memstat.o
                0x00000000001107c4                xsh_memstat
 .text          0x00000000001109c0      0x3d4 binaries/xsh_ping.o
                0x00000000001109c0                xsh_ping
 .text          0x0000000000110d94      0x20f binaries/xsh_ps.o
                0x0000000000110d94                xsh_ps
 *fill*         0x0000000000110fa3        0x1 
 .text          0x0000000000110fa4      0x1e5 binaries/xsh_sleep.o
                0x0000000000110fa4                xsh_sleep
 *fill*         0x0000000000111189        0x3 
 .text          0x000000000011118c      0x244 binaries/xsh_udpdump.o
                0x000000000011118c                xsh_udpdump
 .text          0x00000000001113d0      0x449 binaries/xsh_udpecho.o
                0x00000000001113d0                xsh_udpecho
 *fill*         0x0000000000111819        0x3 
 .text          0x000000000011181c      0x28a binaries/xsh_udpeserver.o
                0x000000000011181c                xsh_udpeserver
 *fill*         0x0000000000111aa6        0x2 
 .text          0x0000000000111aa8      0x1c6 binaries/xsh_uptime.o
                0x0000000000111aa8                xsh_uptime
 *fill*         0x0000000000111c6e        0x2 
 .text          0x0000000000111c70        0xe binaries/clkdisp.o
                0x0000000000111c70                clkdisp
 *fill*         0x0000000000111c7e        0x2 
 .text          0x0000000000111c80       0x19 binaries/ctxsw.o
                0x0000000000111c80                ctxsw
 *fill*         0x0000000000111c99        0x3 
 .text          0x0000000000111c9c      0x36b binaries/intr.o
                0x0000000000111c9c                disable
                0x0000000000111ca5                restore
                0x0000000000111cb3                enable
                0x0000000000111cb5                pause
                0x0000000000111cbc                halt
                0x0000000000111cc2                spurious_irq7
                0x0000000000111cc7                spurious_irq15
                0x0000000000111cd6                _Xint0
                0x0000000000111ce1                _Xint1
                0x0000000000111cec                _Xint2
                0x0000000000111cf7                _Xint3
                0x0000000000111d02                _Xint4
                0x0000000000111d0d                _Xint5
                0x0000000000111d18                _Xint6
                0x0000000000111d23                _Xint7
                0x0000000000111d2e                _Xint8
                0x0000000000111d39                _Xint9
                0x0000000000111d44                _Xint10
                0x0000000000111d4f                _Xint11
                0x0000000000111d5d                _Xint12
                0x0000000000111d6b                _Xint13
                0x0000000000111d79                _Xint14
                0x0000000000111d87                _Xint15
                0x0000000000111d95                _Xint16
                0x0000000000111da3                _Xint17
                0x0000000000111db1                _Xint18
                0x0000000000111dbf                _Xint19
                0x0000000000111dcd                _Xint20
                0x0000000000111ddb                _Xint21
                0x0000000000111de9                _Xint22
                0x0000000000111df7                _Xint23
                0x0000000000111e05                _Xint24
                0x0000000000111e13                _Xint25
                0x0000000000111e21                _Xint26
                0x0000000000111e2f                _Xint27
                0x0000000000111e3d                _Xint28
                0x0000000000111e4b                _Xint29
                0x0000000000111e59                _Xint30
                0x0000000000111e67                _Xint31
                0x0000000000111e75                _Xint32
                0x0000000000111e83                _Xint33
                0x0000000000111e91                _Xint34
                0x0000000000111e9f                _Xint35
                0x0000000000111ead                _Xint36
                0x0000000000111ebb                _Xint37
                0x0000000000111ec9                _Xint38
                0x0000000000111ed7                _Xint39
                0x0000000000111ee5                _Xint40
                0x0000000000111ef3                _Xint41
                0x0000000000111f01                _Xint42
                0x0000000000111f0f                _Xint43
                0x0000000000111f1d                _Xint44
                0x0000000000111f2b                _Xint45
                0x0000000000111f39                _Xint46
                0x0000000000111f47                defevec
 *fill*         0x0000000000112007        0x1 
 .text          0x0000000000112008        0xf binaries/ttydispatch.o
                0x0000000000112008                ttydispatch
 *fill*         0x0000000000112017        0x1 
 .text          0x0000000000112018       0x13 binaries/ethdispatch.o
                0x0000000000112018                ethdispatch
 *(.rodata .rodata.*)
 .rodata.str1.1
                0x000000000011202b       0x54 binaries/ascdate.o
 *fill*         0x000000000011207f        0x1 
 .rodata.str1.4
                0x0000000000112080       0x22 binaries/ascdate.o
 .rodata.str1.1
                0x00000000001120a2       0xae binaries/conf.o
 .rodata.str1.4
                0x0000000000112150       0x4f binaries/early_imr.o
 .rodata        0x000000000011219f       0x30 binaries/early_imr.o
 *fill*         0x00000000001121cf        0x1 
 .rodata.str1.4
                0x00000000001121d0      0x207 binaries/elfload.o
 .rodata.str1.1
                0x00000000001123d7      0x113 binaries/elfload.o
                                        0x116 (size before relaxing)
 .rodata.str1.1
                0x00000000001124ea      0x20c binaries/evec.o
 *fill*         0x00000000001126f6        0x2 
 .rodata.str1.4
                0x00000000001126f8       0x23 binaries/evec.o
 *fill*         0x000000000011271b        0x1 
 .rodata.str1.4
                0x000000000011271c       0x3f binaries/find_library_function.o
 .rodata.str1.1
                0x000000000011275b        0xb binaries/getutime.o
 *fill*         0x0000000000112766        0x2 
 .rodata.str1.4
                0x0000000000112768       0x54 binaries/getutime.o
 .rodata.str1.1
                0x00000000001127bc       0x63 binaries/initialize.o
                                         0x67 (size before relaxing)
 *fill*         0x000000000011281f        0x1 
 .rodata.str1.4
                0x0000000000112820       0xd0 binaries/initialize.o
 .rodata        0x00000000001128f0       0x20 binaries/kill.o
 .rodata.str1.1
                0x0000000000000000        0x3 binaries/load_library.o
 .rodata.str1.1
                0x0000000000000000        0x3 binaries/load_program.o
 .rodata.str1.1
                0x0000000000112910       0x65 binaries/main.o
                                         0x69 (size before relaxing)
 *fill*         0x0000000000112975        0x3 
 .rodata.str1.4
                0x0000000000112978       0x23 binaries/meminit.o
 .rodata.str1.1
                0x000000000011299b       0x1b binaries/meminit.o
 .rodata.str1.1
                0x00000000001129b6        0xf binaries/panic.o
 .rodata.str1.1
                0x00000000001129c5       0x1c binaries/ptinit.o
 *fill*         0x00000000001129e1        0x3 
 .rodata.str1.4
                0x00000000001129e4       0x25 binaries/ptsend.o
 .rodata.str1.1
                0x0000000000112a09       0x22 binaries/quark_pdat.o
 *fill*         0x0000000000112a2b        0x1 
 .rodata.str1.4
                0x0000000000112a2c       0x63 binaries/stacktrace.o
 .rodata.str1.1
                0x0000000000112a8f       0x52 binaries/stacktrace.o
 *fill*         0x0000000000112ae1        0x3 
 .rodata.str1.4
                0x0000000000112ae4       0x27 binaries/xdone.o
 *fill*         0x0000000000112b0b       0x15 
 .rodata        0x0000000000112b20       0x81 binaries/ctype_.o
                0x0000000000112b20                _ctype_
 .rodata.str1.1
                0x0000000000112ba1       0x29 binaries/doprnt.o
 *fill*         0x0000000000112bca        0x2 
 .rodata        0x0000000000112bcc       0xc4 binaries/doprnt.o
 .rodata        0x0000000000112c90       0x98 binaries/doscan.o
 .rodata.str1.1
                0x0000000000000000       0x29 binaries/fdoprnt.o
 .rodata        0x0000000000112d28       0x84 binaries/fdoprnt.o
 .rodata        0x0000000000112dac       0x20 binaries/ttycontrol.o
 .rodata.str1.4
                0x0000000000112dcc       0x4c binaries/naminit.o
 .rodata.str1.1
                0x0000000000112e18       0x32 binaries/naminit.o
                                         0x35 (size before relaxing)
 .rodata.str1.1
                0x0000000000112e4a       0x15 binaries/ethinit.o
 *fill*         0x0000000000112e5f        0x1 
 .rodata.str1.4
                0x0000000000112e60       0x2e binaries/ethinit.o
 *fill*         0x0000000000112e8e        0x2 
 .rodata.str1.4
                0x0000000000112e90       0x2c binaries/rdsbufalloc.o
 .rodata.str1.4
                0x0000000000112ebc       0x76 binaries/rdscomm.o
 *fill*         0x0000000000112f32        0x2 
 .rodata.str1.4
                0x0000000000112f34       0x48 binaries/rdscontrol.o
 .rodata.str1.4
                0x0000000000112f7c       0x7e binaries/rdsinit.o
 .rodata.str1.1
                0x0000000000112ffa       0x18 binaries/rdsinit.o
 *fill*         0x0000000000113012        0x2 
 .rodata.str1.4
                0x0000000000113014       0x22 binaries/rdsopen.o
 *fill*         0x0000000000113036        0x2 
 .rodata.str1.4
                0x0000000000113038       0x4d binaries/rdsprocess.o
 .rodata.str1.1
                0x0000000000113085        0x9 binaries/raminit.o
 .rodata.str1.1
                0x000000000011308e       0x13 binaries/lfdballoc.o
 *fill*         0x00000000001130a1        0x3 
 .rodata.str1.4
                0x00000000001130a4       0x23 binaries/lfdballoc.o
 .rodata.str1.1
                0x00000000001130c7       0x14 binaries/lfiballoc.o
 *fill*         0x00000000001130db        0x1 
 .rodata.str1.4
                0x00000000001130dc       0x23 binaries/lflcontrol.o
 .rodata.str1.1
                0x00000000001130ff       0x64 binaries/lfsckfmt.o
 *fill*         0x0000000000113163        0x1 
 .rodata.str1.4
                0x0000000000113164       0x51 binaries/lfsckfmt.o
 *fill*         0x00000000001131b5        0x3 
 .rodata.str1.4
                0x00000000001131b8       0x22 binaries/rflclose.o
 *fill*         0x00000000001131da        0x2 
 .rodata.str1.4
                0x00000000001131dc       0x21 binaries/rflread.o
 .rodata.str1.4
                0x0000000000000000       0x21 binaries/rflwrite.o
 *fill*         0x00000000001131fd        0x3 
 .rodata.str1.4
                0x0000000000113200       0x75 binaries/rfscomm.o
 *fill*         0x0000000000113275        0x3 
 .rodata.str1.4
                0x0000000000113278       0x23 binaries/rfscontrol.o
 *fill*         0x000000000011329b        0x1 
 .rodata        0x000000000011329c       0x18 binaries/rfscontrol.o
 .rodata.str1.1
                0x00000000001132b4        0xc binaries/rfsinit.o
 .rodata.str1.4
                0x00000000001132c0       0x57 binaries/rfsinit.o
 *fill*         0x0000000000113317        0x1 
 .rodata.str1.4
                0x0000000000113318       0x2a binaries/rfsndmsg.o
 .rodata.str1.4
                0x0000000000000000       0x22 binaries/rfsopen.o
 .rodata.str1.1
                0x0000000000113342       0x19 binaries/arp.o
 *fill*         0x000000000011335b        0x1 
 .rodata.str1.4
                0x000000000011335c       0x21 binaries/arp.o
 *fill*         0x000000000011337d        0x3 
 .rodata.str1.4
                0x0000000000113380       0xa6 binaries/dhcp.o
 .rodata.str1.1
                0x0000000000113426       0x4a binaries/dhcp.o
 .rodata.str1.1
                0x0000000000113470       0x5a binaries/hexdump.o
                                         0x61 (size before relaxing)
 *fill*         0x00000000001134ca        0x2 
 .rodata.str1.4
                0x00000000001134cc       0x67 binaries/hexdump.o
 *fill*         0x0000000000113533        0x1 
 .rodata.str1.4
                0x0000000000113534       0x29 binaries/icmp.o
 .rodata.str1.1
                0x000000000011355d       0x4e binaries/ip.o
 *fill*         0x00000000001135ab        0x1 
 .rodata.str1.4
                0x00000000001135ac       0x20 binaries/ip.o
 .rodata.str1.4
                0x00000000001135cc       0x28 binaries/net.o
 .rodata.str1.1
                0x00000000001135f4       0x27 binaries/net.o
 *fill*         0x000000000011361b        0x1 
 .rodata.str1.4
                0x000000000011361c       0xcf binaries/netstart.o
 .rodata.str1.1
                0x00000000001136eb      0x141 binaries/pdump.o
                                        0x14b (size before relaxing)
 .rodata.str1.4
                0x000000000011382c      0x126 binaries/pdump.o
 *fill*         0x0000000000113952        0x2 
 .rodata.str1.4
                0x0000000000113954      0x148 binaries/tftp.o
 .rodata.str1.1
                0x0000000000113a9c        0x6 binaries/tftp.o
                                          0xa (size before relaxing)
 .rodata.str1.1
                0x0000000000113aa2       0xe3 binaries/shell.o
                                         0xff (size before relaxing)
 *fill*         0x0000000000113b85        0x3 
 .rodata.str1.4
                0x0000000000113b88      0x1c4 binaries/shell.o
 *fill*         0x0000000000113d4c       0x14 
 .rodata        0x0000000000113d60       0xfc binaries/shell.o
                0x0000000000113d60                cmdtab
 .rodata.str1.1
                0x0000000000113e5c       0x26 binaries/xsh_argecho.o
                                         0x28 (size before relaxing)
 .rodata.str1.1
                0x0000000000113e82       0x6a binaries/xsh_arp.o
                                         0x72 (size before relaxing)
 .rodata.str1.4
                0x0000000000113eec       0xb4 binaries/xsh_arp.o
 .rodata.str1.1
                0x0000000000113fa0       0x2d binaries/xsh_cat.o
                                         0x4f (size before relaxing)
 *fill*         0x0000000000113fcd        0x3 
 .rodata.str1.4
                0x0000000000113fd0       0x52 binaries/xsh_cat.o
                                         0x79 (size before relaxing)
 .rodata.str1.1
                0x0000000000114022       0x15 binaries/xsh_clear.o
 .rodata.str1.1
                0x0000000000114037       0x46 binaries/xsh_date.o
                                         0x5f (size before relaxing)
 *fill*         0x000000000011407d        0x3 
 .rodata.str1.4
                0x0000000000114080      0x163 binaries/xsh_date.o
 .rodata.str1.1
                0x00000000001141e3       0x5d binaries/xsh_devdump.o
 .rodata.str1.1
                0x0000000000114240        0x4 binaries/xsh_echo.o
                                          0x9 (size before relaxing)
 .rodata.str1.1
                0x0000000000114244       0x65 binaries/xsh_help.o
                                         0xa3 (size before relaxing)
 *fill*         0x00000000001142a9        0x3 
 .rodata.str1.4
                0x00000000001142ac       0x7c binaries/xsh_help.o
                                         0xc6 (size before relaxing)
 .rodata.str1.1
                0x0000000000114328       0x9c binaries/xsh_ipaddr.o
                                         0xf8 (size before relaxing)
 .rodata.str1.4
                0x00000000001143c4       0x4d binaries/xsh_ipaddr.o
                                         0x99 (size before relaxing)
 .rodata.str1.1
                0x0000000000114411       0x78 binaries/xsh_kill.o
                                         0x97 (size before relaxing)
 *fill*         0x0000000000114489        0x3 
 .rodata.str1.4
                0x000000000011448c       0x4a binaries/xsh_kill.o
                                         0x96 (size before relaxing)
 .rodata.str1.1
                0x00000000001144d6       0x84 binaries/xsh_memdump.o
                                         0xa8 (size before relaxing)
 *fill*         0x000000000011455a        0x2 
 .rodata.str1.4
                0x000000000011455c      0x15a binaries/xsh_memdump.o
                                        0x1aa (size before relaxing)
 .rodata.str1.1
                0x00000000001146b6       0x40 binaries/xsh_memstat.o
                                         0x79 (size before relaxing)
 *fill*         0x00000000001146f6        0x2 
 .rodata.str1.4
                0x00000000001146f8      0x187 binaries/xsh_memstat.o
                                        0x1af (size before relaxing)
 .rodata.str1.1
                0x000000000011487f       0xbc binaries/xsh_ping.o
                                         0xdb (size before relaxing)
 *fill*         0x000000000011493b        0x1 
 .rodata.str1.4
                0x000000000011493c       0x77 binaries/xsh_ping.o
                                         0xc6 (size before relaxing)
 .rodata.str1.1
                0x00000000001149b3       0x74 binaries/xsh_ps.o
                                         0xd5 (size before relaxing)
 *fill*         0x0000000000114a27        0x1 
 .rodata.str1.4
                0x0000000000114a28       0x80 binaries/xsh_ps.o
                                         0xd0 (size before relaxing)
 *fill*         0x0000000000114aa8       0x18 
 .rodata        0x0000000000114ac0       0x20 binaries/xsh_ps.o
 .rodata.str1.1
                0x0000000000114ae0       0x31 binaries/xsh_sleep.o
                                         0x72 (size before relaxing)
 *fill*         0x0000000000114b11        0x3 
 .rodata.str1.4
                0x0000000000114b14       0x2a binaries/xsh_sleep.o
                                         0x7a (size before relaxing)
 .rodata.str1.1
                0x0000000000114b3e       0x6b binaries/xsh_udpdump.o
                                         0xd2 (size before relaxing)
 *fill*         0x0000000000114ba9        0x3 
 .rodata.str1.4
                0x0000000000114bac       0x94 binaries/xsh_udpdump.o
                                         0xe4 (size before relaxing)
 .rodata.str1.1
                0x0000000000114c40       0xdb binaries/xsh_udpecho.o
                                         0xfa (size before relaxing)
 *fill*         0x0000000000114d1b        0x1 
 .rodata.str1.4
                0x0000000000114d1c       0xc7 binaries/xsh_udpecho.o
                                        0x116 (size before relaxing)
 .rodata.str1.1
                0x0000000000114de3       0x66 binaries/xsh_udpeserver.o
                                         0x8f (size before relaxing)
 *fill*         0x0000000000114e49        0x3 
 .rodata.str1.4
                0x0000000000114e4c       0x29 binaries/xsh_udpeserver.o
                                         0x9f (size before relaxing)
 .rodata.str1.1
                0x0000000000114e75       0x49 binaries/xsh_uptime.o
                                         0x8c (size before relaxing)
 *fill*         0x0000000000114ebe        0x2 
 .rodata.str1.4
                0x0000000000114ec0       0x28 binaries/xsh_uptime.o
                                         0x76 (size before relaxing)
                0x0000000000114ee8                etext = ABSOLUTE (.)
                0x0000000000115000                . = ALIGN (0x1000)
 *fill*         0x0000000000114ee8      0x118 

.eh_frame       0x0000000000115000     0x34b8
 .eh_frame      0x0000000000115000       0x58 binaries/ascdate.o
 .eh_frame      0x0000000000115058       0x14 binaries/bufinit.o
                                         0x2c (size before relaxing)
 .eh_frame      0x000000000011506c       0x34 binaries/chprio.o
                                         0x4c (size before relaxing)
 .eh_frame      0x00000000001150a0       0x18 binaries/clkhandler.o
                                         0x30 (size before relaxing)
 .eh_frame      0x00000000001150b8       0x18 binaries/clkinit.o
                                         0x30 (size before relaxing)
 .eh_frame      0x00000000001150d0       0x2c binaries/close.o
                                         0x44 (size before relaxing)
 .eh_frame      0x00000000001150fc       0x2c binaries/control.o
                                         0x44 (size before relaxing)
 .eh_frame      0x0000000000115128       0x40 binaries/create.o
                                         0x58 (size before relaxing)
 .eh_frame      0x0000000000115168       0x98 binaries/early_imr.o
                                         0xb0 (size before relaxing)
 .eh_frame      0x0000000000115200      0x1e4 binaries/elfload.o
                                        0x1fc (size before relaxing)
 .eh_frame      0x00000000001153e4       0x94 binaries/evec.o
                                         0xac (size before relaxing)
 .eh_frame      0x0000000000115478       0x18 binaries/exit.o
                                         0x30 (size before relaxing)
 .eh_frame      0x0000000000115490       0x34 binaries/find_library_function.o
                                         0x4c (size before relaxing)
 .eh_frame      0x00000000001154c4       0x2c binaries/freebuf.o
                                         0x44 (size before relaxing)
 .eh_frame      0x00000000001154f0       0x3c binaries/freemem.o
                                         0x54 (size before relaxing)
 .eh_frame      0x000000000011552c       0x3c binaries/getbuf.o
                                         0x54 (size before relaxing)
 .eh_frame      0x0000000000115568       0x2c binaries/getc.o
                                         0x44 (size before relaxing)
 .eh_frame      0x0000000000115594       0x3c binaries/getdev.o
                                         0x54 (size before relaxing)
 .eh_frame      0x00000000001155d0       0x4c binaries/getitem.o
                                         0x64 (size before relaxing)
 .eh_frame      0x000000000011561c       0x2c binaries/getmem.o
                                         0x44 (size before relaxing)
 .eh_frame      0x0000000000115648       0x14 binaries/getpid.o
                                         0x2c (size before relaxing)
 .eh_frame      0x000000000011565c       0x24 binaries/getprio.o
                                         0x3c (size before relaxing)
 .eh_frame      0x0000000000115680       0x3c binaries/getstk.o
                                         0x54 (size before relaxing)
 .eh_frame      0x00000000001156bc       0x18 binaries/gettime.o
                                         0x30 (size before relaxing)
 .eh_frame      0x00000000001156d4       0x24 binaries/getutime.o
                                         0x3c (size before relaxing)
 .eh_frame      0x00000000001156f8       0x2c binaries/init.o
                                         0x44 (size before relaxing)
 .eh_frame      0x0000000000115724       0x48 binaries/initialize.o
                                         0x60 (size before relaxing)
 .eh_frame      0x000000000011576c       0x24 binaries/insert.o
                                         0x3c (size before relaxing)
 .eh_frame      0x0000000000115790       0x38 binaries/insertd.o
                                         0x50 (size before relaxing)
 .eh_frame      0x00000000001157c8       0x14 binaries/ioerr.o
                                         0x2c (size before relaxing)
 .eh_frame      0x00000000001157dc       0x14 binaries/ionull.o
                                         0x2c (size before relaxing)
 .eh_frame      0x00000000001157f0       0x40 binaries/kill.o
                                         0x58 (size before relaxing)
 .eh_frame      0x0000000000115830       0x40 binaries/kprintf.o
                                         0x58 (size before relaxing)
 .eh_frame      0x0000000000115870       0x34 binaries/load_library.o
                                         0x4c (size before relaxing)
 .eh_frame      0x00000000001158a4       0x34 binaries/load_program.o
                                         0x4c (size before relaxing)
 .eh_frame      0x00000000001158d8       0x2c binaries/main.o
                                         0x44 (size before relaxing)
 .eh_frame      0x0000000000115904       0x3c binaries/mark.o
                                         0x54 (size before relaxing)
 .eh_frame      0x0000000000115940       0x58 binaries/meminit.o
                                         0x70 (size before relaxing)
 .eh_frame      0x0000000000115998       0x40 binaries/mkbufpool.o
                                         0x58 (size before relaxing)
 .eh_frame      0x00000000001159d8       0x14 binaries/newqueue.o
                                         0x2c (size before relaxing)
 .eh_frame      0x00000000001159ec       0x2c binaries/open.o
                                         0x44 (size before relaxing)
 .eh_frame      0x0000000000115a18       0x14 binaries/panic.o
                                         0x2c (size before relaxing)
 .eh_frame      0x0000000000115a2c       0xe0 binaries/pci.o
                                         0xf8 (size before relaxing)
 .eh_frame      0x0000000000115b0c       0x30 binaries/platinit.o
                                         0x48 (size before relaxing)
 .eh_frame      0x0000000000115b3c       0x3c binaries/ptclear.o
                                         0x54 (size before relaxing)
 .eh_frame      0x0000000000115b78       0x34 binaries/ptcount.o
                                         0x4c (size before relaxing)
 .eh_frame      0x0000000000115bac       0x3c binaries/ptcreate.o
                                         0x54 (size before relaxing)
 .eh_frame      0x0000000000115be8       0x2c binaries/ptdelete.o
                                         0x44 (size before relaxing)
 .eh_frame      0x0000000000115c14       0x24 binaries/ptinit.o
                                         0x3c (size before relaxing)
 .eh_frame      0x0000000000115c38       0x3c binaries/ptrecv.o
                                         0x54 (size before relaxing)
 .eh_frame      0x0000000000115c74       0x2c binaries/ptreset.o
                                         0x44 (size before relaxing)
 .eh_frame      0x0000000000115ca0       0x34 binaries/ptsend.o
                                         0x4c (size before relaxing)
 .eh_frame      0x0000000000115cd4       0x34 binaries/putc.o
                                         0x4c (size before relaxing)
 .eh_frame      0x0000000000115d08       0x24 binaries/quark_irq.o
                                         0x3c (size before relaxing)
 .eh_frame      0x0000000000115d2c       0x60 binaries/quark_pdat.o
                                         0x78 (size before relaxing)
 .eh_frame      0x0000000000115d8c       0x34 binaries/queue.o
                                         0x4c (size before relaxing)
 .eh_frame      0x0000000000115dc0       0x2c binaries/read.o
                                         0x44 (size before relaxing)
 .eh_frame      0x0000000000115dec       0x18 binaries/ready.o
                                         0x30 (size before relaxing)
 .eh_frame      0x0000000000115e04       0x34 binaries/receive.o
                                         0x4c (size before relaxing)
 .eh_frame      0x0000000000115e38       0x20 binaries/recvclr.o
                                         0x38 (size before relaxing)
 .eh_frame      0x0000000000115e58       0x3c binaries/recvtime.o
                                         0x54 (size before relaxing)
 .eh_frame      0x0000000000115e94       0x4c binaries/resched.o
                                         0x64 (size before relaxing)
 .eh_frame      0x0000000000115ee0       0x34 binaries/resume.o
                                         0x4c (size before relaxing)
 .eh_frame      0x0000000000115f14       0x2c binaries/seek.o
                                         0x44 (size before relaxing)
 .eh_frame      0x0000000000115f40       0x24 binaries/semcount.o
                                         0x3c (size before relaxing)
 .eh_frame      0x0000000000115f64       0x3c binaries/semcreate.o
                                         0x54 (size before relaxing)
 .eh_frame      0x0000000000115fa0       0x2c binaries/semdelete.o
                                         0x44 (size before relaxing)
 .eh_frame      0x0000000000115fcc       0x3c binaries/semreset.o
                                         0x54 (size before relaxing)
 .eh_frame      0x0000000000116008       0x2c binaries/send.o
                                         0x44 (size before relaxing)
 .eh_frame      0x0000000000116034       0x2c binaries/signal.o
                                         0x44 (size before relaxing)
 .eh_frame      0x0000000000116060       0x34 binaries/signaln.o
                                         0x4c (size before relaxing)
 .eh_frame      0x0000000000116094       0x44 binaries/sleep.o
                                         0x5c (size before relaxing)
 .eh_frame      0x00000000001160d8       0x40 binaries/stacktrace.o
                                         0x58 (size before relaxing)
 .eh_frame      0x0000000000116118       0x3c binaries/suspend.o
                                         0x54 (size before relaxing)
 .eh_frame      0x0000000000116154       0x2c binaries/unsleep.o
                                         0x44 (size before relaxing)
 .eh_frame      0x0000000000116180       0x18 binaries/userret.o
                                         0x30 (size before relaxing)
 .eh_frame      0x0000000000116198       0x34 binaries/wait.o
                                         0x4c (size before relaxing)
 .eh_frame      0x00000000001161cc       0x18 binaries/wakeup.o
                                         0x30 (size before relaxing)
 .eh_frame      0x00000000001161e4       0x2c binaries/write.o
                                         0x44 (size before relaxing)
 .eh_frame      0x0000000000116210       0x18 binaries/xdone.o
                                         0x30 (size before relaxing)
 .eh_frame      0x0000000000116228       0x20 binaries/yield.o
                                         0x38 (size before relaxing)
 .eh_frame      0x0000000000116248       0x14 binaries/abs.o
                                         0x2c (size before relaxing)
 .eh_frame      0x000000000011625c       0x24 binaries/atoi.o
                                         0x3c (size before relaxing)
 .eh_frame      0x0000000000116280       0x24 binaries/atol.o
                                         0x3c (size before relaxing)
 .eh_frame      0x00000000001162a4       0x14 binaries/bzero.o
                                         0x2c (size before relaxing)
 .eh_frame      0x00000000001162b8       0xd4 binaries/doprnt.o
                                         0xec (size before relaxing)
 .eh_frame      0x000000000011638c       0x40 binaries/doscan.o
                                         0x58 (size before relaxing)
 .eh_frame      0x00000000001163cc       0x7c binaries/fdoprnt.o
                                         0x94 (size before relaxing)
 .eh_frame      0x0000000000116448       0x18 binaries/fgetc.o
                                         0x30 (size before relaxing)
 .eh_frame      0x0000000000116460       0x3c binaries/fgets.o
                                         0x54 (size before relaxing)
 .eh_frame      0x000000000011649c       0x18 binaries/fprintf.o
                                         0x30 (size before relaxing)
 .eh_frame      0x00000000001164b4       0x20 binaries/fputc.o
                                         0x38 (size before relaxing)
 .eh_frame      0x00000000001164d4       0x2c binaries/fputs.o
                                         0x44 (size before relaxing)
 .eh_frame      0x0000000000116500       0x4c binaries/fscanf.o
                                         0x64 (size before relaxing)
 .eh_frame      0x000000000011654c       0x18 binaries/getchar.o
                                         0x30 (size before relaxing)
 .eh_frame      0x0000000000116564       0x14 binaries/labs.o
                                         0x2c (size before relaxing)
 .eh_frame      0x0000000000116578       0x14 binaries/memchr.o
                                         0x2c (size before relaxing)
 .eh_frame      0x000000000011658c       0x24 binaries/memcmp.o
                                         0x3c (size before relaxing)
 .eh_frame      0x00000000001165b0       0x24 binaries/memcpy.o
                                         0x3c (size before relaxing)
 .eh_frame      0x00000000001165d4       0x1c binaries/memset.o
                                         0x34 (size before relaxing)
 .eh_frame      0x00000000001165f0       0x18 binaries/printf.o
                                         0x30 (size before relaxing)
 .eh_frame      0x0000000000116608       0x18 binaries/putchar.o
                                         0x30 (size before relaxing)
 .eh_frame      0x0000000000116620       0xa8 binaries/qsort.o
                                         0xc0 (size before relaxing)
 .eh_frame      0x00000000001166c8       0x28 binaries/rand.o
                                         0x40 (size before relaxing)
 .eh_frame      0x00000000001166f0       0x34 binaries/sprintf.o
                                         0x4c (size before relaxing)
 .eh_frame      0x0000000000116724       0x40 binaries/sscanf.o
                                         0x58 (size before relaxing)
 .eh_frame      0x0000000000116764       0x14 binaries/strchr.o
                                         0x2c (size before relaxing)
 .eh_frame      0x0000000000116778       0x1c binaries/strcmp.o
                                         0x34 (size before relaxing)
 .eh_frame      0x0000000000116794       0x14 binaries/strcpy.o
                                         0x2c (size before relaxing)
 .eh_frame      0x00000000001167a8       0x14 binaries/strlen.o
                                         0x2c (size before relaxing)
 .eh_frame      0x00000000001167bc       0x24 binaries/strncat.o
                                         0x3c (size before relaxing)
 .eh_frame      0x00000000001167e0       0x24 binaries/strncmp.o
                                         0x3c (size before relaxing)
 .eh_frame      0x0000000000116804       0x30 binaries/strncpy.o
                                         0x48 (size before relaxing)
 .eh_frame      0x0000000000116834       0x14 binaries/strnlen.o
                                         0x2c (size before relaxing)
 .eh_frame      0x0000000000116848       0x1c binaries/strrchr.o
                                         0x34 (size before relaxing)
 .eh_frame      0x0000000000116864       0x38 binaries/strstr.o
                                         0x50 (size before relaxing)
 .eh_frame      0x000000000011689c       0x2c binaries/ttycontrol.o
                                         0x44 (size before relaxing)
 .eh_frame      0x00000000001168c8       0x2c binaries/ttygetc.o
                                         0x44 (size before relaxing)
 .eh_frame      0x00000000001168f4       0x90 binaries/ttyhandle_in.o
                                         0xa8 (size before relaxing)
 .eh_frame      0x0000000000116984       0x40 binaries/ttyhandle_out.o
                                         0x58 (size before relaxing)
 .eh_frame      0x00000000001169c4       0x2c binaries/ttyhandler.o
                                         0x44 (size before relaxing)
 .eh_frame      0x00000000001169f0       0x2c binaries/ttyinit.o
                                         0x44 (size before relaxing)
 .eh_frame      0x0000000000116a1c       0x14 binaries/ttykickout.o
                                         0x2c (size before relaxing)
 .eh_frame      0x0000000000116a30       0x34 binaries/ttyputc.o
                                         0x4c (size before relaxing)
 .eh_frame      0x0000000000116a64       0x3c binaries/ttyread.o
                                         0x54 (size before relaxing)
 .eh_frame      0x0000000000116aa0       0x34 binaries/ttywrite.o
                                         0x4c (size before relaxing)
 .eh_frame      0x0000000000116ad4       0x50 binaries/mount.o
                                         0x68 (size before relaxing)
 .eh_frame      0x0000000000116b24       0x40 binaries/naminit.o
                                         0x58 (size before relaxing)
 .eh_frame      0x0000000000116b64       0xa4 binaries/nammap.o
[...]
 .comment       0x0000000000000000       0x2e binaries/udp.o
 .comment       0x0000000000000000       0x2e binaries/addargs.o
 .comment       0x0000000000000000       0x2e binaries/lexan.o
 .comment       0x0000000000000000       0x2e binaries/shell.o
 .comment       0x0000000000000000       0x2e binaries/xsh_argecho.o
 .comment       0x0000000000000000       0x2e binaries/xsh_arp.o
 .comment       0x0000000000000000       0x2e binaries/xsh_cat.o
 .comment       0x0000000000000000       0x2e binaries/xsh_clear.o
 .comment       0x0000000000000000       0x2e binaries/xsh_date.o
 .comment       0x0000000000000000       0x2e binaries/xsh_devdump.o
 .comment       0x0000000000000000       0x2e binaries/xsh_echo.o
 .comment       0x0000000000000000       0x2e binaries/xsh_exit.o
 .comment       0x0000000000000000       0x2e binaries/xsh_help.o
 .comment       0x0000000000000000       0x2e binaries/xsh_ipaddr.o
 .comment       0x0000000000000000       0x2e binaries/xsh_kill.o
 .comment       0x0000000000000000       0x2e binaries/xsh_memdump.o
 .comment       0x0000000000000000       0x2e binaries/xsh_memstat.o
 .comment       0x0000000000000000       0x2e binaries/xsh_ping.o
 .comment       0x0000000000000000       0x2e binaries/xsh_ps.o
 .comment       0x0000000000000000       0x2e binaries/xsh_sleep.o
 .comment       0x0000000000000000       0x2e binaries/xsh_udpdump.o
 .comment       0x0000000000000000       0x2e binaries/xsh_udpecho.o
 .comment       0x0000000000000000       0x2e binaries/xsh_udpeserver.o
 .comment       0x0000000000000000       0x2e binaries/xsh_uptime.o

.note.GNU-stack
                0x0000000000000000        0x0
 .note.GNU-stack
                0x0000000000000000        0x0 binaries/ascdate.o
 .note.GNU-stack
                0x0000000000000000        0x0 binaries/bufinit.o
 .note.GNU-stack
                0x0000000000000000        0x0 binaries/chprio.o
 .note.GNU-stack
                0x0000000000000000        0x0 binaries/clkhandler.o
 .note.GNU-stack
                0x0000000000000000        0x0 binaries/clkinit.o
 .note.GNU-stack
                0x0000000000000000        0x0 binaries/close.o
 .note.GNU-stack
                0x0000000000000000        0x0 binaries/conf.o
 .note.GNU-stack
                0x0000000000000000        0x0 binaries/control.o
 .note.GNU-stack
                0x0000000000000000        0x0 binaries/create.o
 .note.GNU-stack
                0x0000000000000000        0x0 binaries/early_imr.o
 .note.GNU-stack
                0x0000000000000000        0x0 binaries/elfload.o
 .note.GNU-stack
                0x0000000000000000        0x0 binaries/evec.o
 .note.GNU-stack
                0x0000000000000000        0x0 binaries/exit.o
 .note.GNU-stack
                0x0000000000000000        0x0 binaries/find_library_function.o
 .note.GNU-stack
                0x0000000000000000        0x0 binaries/freebuf.o
 .note.GNU-stack
                0x0000000000000000        0x0 binaries/freemem.o
 .note.GNU-stack
                0x0000000000000000        0x0 binaries/getbuf.o
 .note.GNU-stack
                0x0000000000000000        0x0 binaries/getc.o
 .note.GNU-stack
                0x0000000000000000        0x0 binaries/getdev.o
 .note.GNU-stack
                0x0000000000000000        0x0 binaries/getitem.o
 .note.GNU-stack
                0x0000000000000000        0x0 binaries/getmem.o
 .note.GNU-stack
                0x0000000000000000        0x0 binaries/getpid.o
 .note.GNU-stack
                0x0000000000000000        0x0 binaries/getprio.o
 .note.GNU-stack
                0x0000000000000000        0x0 binaries/getstk.o
 .note.GNU-stack
                0x0000000000000000        0x0 binaries/gettime.o
 .note.GNU-stack
                0x0000000000000000        0x0 binaries/getutime.o
 .note.GNU-stack
                0x0000000000000000        0x0 binaries/init.o
 .note.GNU-stack
                0x0000000000000000        0x0 binaries/initialize.o
 .note.GNU-stack
                0x0000000000000000        0x0 binaries/insert.o
 .note.GNU-stack
                0x0000000000000000        0x0 binaries/insertd.o
 .note.GNU-stack
                0x0000000000000000        0x0 binaries/ioerr.o
 .note.GNU-stack
                0x0000000000000000        0x0 binaries/ionull.o
 .note.GNU-stack
                0x0000000000000000        0x0 binaries/kill.o
 .note.GNU-stack
                0x0000000000000000        0x0 binaries/kprintf.o
 .note.GNU-stack
                0x0000000000000000        0x0 binaries/load_library.o
 .note.GNU-stack
                0x0000000000000000        0x0 binaries/load_program.o
 .note.GNU-stack
                0x0000000000000000        0x0 binaries/main.o
 .note.GNU-stack
                0x0000000000000000        0x0 binaries/mark.o
 .note.GNU-stack
                0x0000000000000000        0x0 binaries/meminit.o
 .note.GNU-stack
                0x0000000000000000        0x0 binaries/mkbufpool.o
 .note.GNU-stack
                0x0000000000000000        0x0 binaries/newqueue.o
 .note.GNU-stack
                0x0000000000000000        0x0 binaries/open.o
 .note.GNU-stack
                0x0000000000000000        0x0 binaries/panic.o
 .note.GNU-stack
                0x0000000000000000        0x0 binaries/pci.o
 .note.GNU-stack
                0x0000000000000000        0x0 binaries/platinit.o
 .note.GNU-stack
                0x0000000000000000        0x0 binaries/ptclear.o
 .note.GNU-stack
                0x0000000000000000        0x0 binaries/ptcount.o
 .note.GNU-stack
                0x0000000000000000        0x0 binaries/ptcreate.o
 .note.GNU-stack
                0x0000000000000000        0x0 binaries/ptdelete.o
 .note.GNU-stack
                0x0000000000000000        0x0 binaries/ptinit.o
 .note.GNU-stack
                0x0000000000000000        0x0 binaries/ptrecv.o
 .note.GNU-stack
                0x0000000000000000        0x0 binaries/ptreset.o
 .note.GNU-stack
                0x0000000000000000        0x0 binaries/ptsend.o
 .note.GNU-stack
                0x0000000000000000        0x0 binaries/putc.o
 .note.GNU-stack
                0x0000000000000000        0x0 binaries/quark_irq.o
 .note.GNU-stack
                0x0000000000000000        0x0 binaries/quark_pdat.o
 .note.GNU-stack
                0x0000000000000000        0x0 binaries/queue.o
 .note.GNU-stack
                0x0000000000000000        0x0 binaries/read.o
 .note.GNU-stack
                0x0000000000000000        0x0 binaries/ready.o
 .note.GNU-stack
                0x0000000000000000        0x0 binaries/receive.o
 .note.GNU-stack
                0x0000000000000000        0x0 binaries/recvclr.o
 .note.GNU-stack
                0x0000000000000000        0x0 binaries/recvtime.o
 .note.GNU-stack
                0x0000000000000000        0x0 binaries/resched.o
 .note.GNU-stack
                0x0000000000000000        0x0 binaries/resume.o
 .note.GNU-stack
                0x0000000000000000        0x0 binaries/seek.o
 .note.GNU-stack
                0x0000000000000000        0x0 binaries/semcount.o
 .note.GNU-stack
                0x0000000000000000        0x0 binaries/semcreate.o
 .note.GNU-stack
                0x0000000000000000        0x0 binaries/semdelete.o
 .note.GNU-stack
                0x0000000000000000        0x0 binaries/semreset.o
 .note.GNU-stack
                0x0000000000000000        0x0 binaries/send.o
 .note.GNU-stack
                0x0000000000000000        0x0 binaries/signal.o
 .note.GNU-stack
                0x0000000000000000        0x0 binaries/signaln.o
 .note.GNU-stack
                0x0000000000000000        0x0 binaries/sleep.o
 .note.GNU-stack
                0x0000000000000000        0x0 binaries/stacktrace.o
 .note.GNU-stack
                0x0000000000000000        0x0 binaries/suspend.o
 .note.GNU-stack
                0x0000000000000000        0x0 binaries/unsleep.o
 .note.GNU-stack
                0x0000000000000000        0x0 binaries/userret.o
 .note.GNU-stack
                0x0000000000000000        0x0 binaries/wait.o
 .note.GNU-stack
                0x0000000000000000        0x0 binaries/wakeup.o
 .note.GNU-stack
                0x0000000000000000        0x0 binaries/write.o
 .note.GNU-stack
                0x0000000000000000        0x0 binaries/xdone.o
 .note.GNU-stack
                0x0000000000000000        0x0 binaries/yield.o
 .note.GNU-stack
                0x0000000000000000        0x0 binaries/abs.o
 .note.GNU-stack
                0x0000000000000000        0x0 binaries/atoi.o
 .note.GNU-stack
                0x0000000000000000        0x0 binaries/atol.o
 .note.GNU-stack
                0x0000000000000000        0x0 binaries/bzero.o
 .note.GNU-stack
                0x0000000000000000        0x0 binaries/ctype_.o
 .note.GNU-stack
                0x0000000000000000        0x0 binaries/doprnt.o
 .note.GNU-stack
                0x0000000000000000        0x0 binaries/doscan.o
 .note.GNU-stack
                0x0000000000000000        0x0 binaries/fdoprnt.o
 .note.GNU-stack
                0x0000000000000000        0x0 binaries/fgetc.o
 .note.GNU-stack
                0x0000000000000000        0x0 binaries/fgets.o
 .note.GNU-stack
                0x0000000000000000        0x0 binaries/fprintf.o
 .note.GNU-stack
                0x0000000000000000        0x0 binaries/fputc.o
 .note.GNU-stack
                0x0000000000000000        0x0 binaries/fputs.o
 .note.GNU-stack
                0x0000000000000000        0x0 binaries/fscanf.o
 .note.GNU-stack
                0x0000000000000000        0x0 binaries/getchar.o
 .note.GNU-stack
                0x0000000000000000        0x0 binaries/labs.o
 .note.GNU-stack
                0x0000000000000000        0x0 binaries/memchr.o
 .note.GNU-stack
                0x0000000000000000        0x0 binaries/memcmp.o
 .note.GNU-stack
                0x0000000000000000        0x0 binaries/memcpy.o
 .note.GNU-stack
                0x0000000000000000        0x0 binaries/memset.o
 .note.GNU-stack
                0x0000000000000000        0x0 binaries/printf.o
 .note.GNU-stack
                0x0000000000000000        0x0 binaries/putchar.o
 .note.GNU-stack
                0x0000000000000000        0x0 binaries/qsort.o
 .note.GNU-stack
                0x0000000000000000        0x0 binaries/rand.o
 .note.GNU-stack
                0x0000000000000000        0x0 binaries/sprintf.o
 .note.GNU-stack
                0x0000000000000000        0x0 binaries/sscanf.o
 .note.GNU-stack
                0x0000000000000000        0x0 binaries/strchr.o
 .note.GNU-stack
                0x0000000000000000        0x0 binaries/strcmp.o
 .note.GNU-stack
                0x0000000000000000        0x0 binaries/strcpy.o
 .note.GNU-stack
                0x0000000000000000        0x0 binaries/strlen.o
 .note.GNU-stack
                0x0000000000000000        0x0 binaries/strncat.o
 .note.GNU-stack
                0x0000000000000000        0x0 binaries/strncmp.o
 .note.GNU-stack
                0x0000000000000000        0x0 binaries/strncpy.o
 .note.GNU-stack
                0x0000000000000000        0x0 binaries/strnlen.o
 .note.GNU-stack
                0x0000000000000000        0x0 binaries/strrchr.o
 .note.GNU-stack
                0x0000000000000000        0x0 binaries/strstr.o
 .note.GNU-stack
                0x0000000000000000        0x0 binaries/ttycontrol.o
 .note.GNU-stack
                0x0000000000000000        0x0 binaries/ttygetc.o
 .note.GNU-stack
                0x0000000000000000        0x0 binaries/ttyhandle_in.o
 .note.GNU-stack
                0x0000000000000000        0x0 binaries/ttyhandle_out.o
 .note.GNU-stack
                0x0000000000000000        0x0 binaries/ttyhandler.o
 .note.GNU-stack
                0x0000000000000000        0x0 binaries/ttyinit.o
 .note.GNU-stack
                0x0000000000000000        0x0 binaries/ttykickout.o
 .note.GNU-stack
                0x0000000000000000        0x0 binaries/ttyputc.o
 .note.GNU-stack
                0x0000000000000000        0x0 binaries/ttyread.o
 .note.GNU-stack
                0x0000000000000000        0x0 binaries/ttywrite.o
 .note.GNU-stack
                0x0000000000000000        0x0 binaries/mount.o
 .note.GNU-stack
                0x0000000000000000        0x0 binaries/naminit.o
 .note.GNU-stack
                0x0000000000000000        0x0 binaries/nammap.o
 .note.GNU-stack
                0x0000000000000000        0x0 binaries/namopen.o
 .note.GNU-stack
                0x0000000000000000        0x0 binaries/colon2mac.o
 .note.GNU-stack
                0x0000000000000000        0x0 binaries/ethcontrol.o
 .note.GNU-stack
                0x0000000000000000        0x0 binaries/ethhandler.o
 .note.GNU-stack
                0x0000000000000000        0x0 binaries/ethinit.o
 .note.GNU-stack
                0x0000000000000000        0x0 binaries/ethmcast.o
 .note.GNU-stack
                0x0000000000000000        0x0 binaries/ethread.o
 .note.GNU-stack
                0x0000000000000000        0x0 binaries/ethwrite.o
 .note.GNU-stack
                0x0000000000000000        0x0 binaries/rdsbufalloc.o
 .note.GNU-stack
                0x0000000000000000        0x0 binaries/rdsclose.o
 .note.GNU-stack
                0x0000000000000000        0x0 binaries/rdscomm.o
 .note.GNU-stack
                0x0000000000000000        0x0 binaries/rdscontrol.o
 .note.GNU-stack
                0x0000000000000000        0x0 binaries/rdsinit.o
 .note.GNU-stack
                0x0000000000000000        0x0 binaries/rdsopen.o
 .note.GNU-stack
                0x0000000000000000        0x0 binaries/rdsprocess.o
 .note.GNU-stack
                0x0000000000000000        0x0 binaries/rdsread.o
 .note.GNU-stack
                0x0000000000000000        0x0 binaries/rdswrite.o
 .note.GNU-stack
                0x0000000000000000        0x0 binaries/ramclose.o
 .note.GNU-stack
                0x0000000000000000        0x0 binaries/raminit.o
 .note.GNU-stack
                0x0000000000000000        0x0 binaries/ramopen.o
 .note.GNU-stack
                0x0000000000000000        0x0 binaries/ramread.o
 .note.GNU-stack
                0x0000000000000000        0x0 binaries/ramwrite.o
 .note.GNU-stack
                0x0000000000000000        0x0 binaries/lfdballoc.o
 .note.GNU-stack
                0x0000000000000000        0x0 binaries/lfdbfree.o
 .note.GNU-stack
                0x0000000000000000        0x0 binaries/lfflush.o
 .note.GNU-stack
                0x0000000000000000        0x0 binaries/lfgetmode.o
 .note.GNU-stack
                0x0000000000000000        0x0 binaries/lfiballoc.o
 .note.GNU-stack
                0x0000000000000000        0x0 binaries/lfibclear.o
 .note.GNU-stack
                0x0000000000000000        0x0 binaries/lfibget.o
 .note.GNU-stack
                0x0000000000000000        0x0 binaries/lfibput.o
 .note.GNU-stack
                0x0000000000000000        0x0 binaries/lflclose.o
 .note.GNU-stack
                0x0000000000000000        0x0 binaries/lflcontrol.o
 .note.GNU-stack
                0x0000000000000000        0x0 binaries/lflgetc.o
 .note.GNU-stack
                0x0000000000000000        0x0 binaries/lflinit.o
 .note.GNU-stack
                0x0000000000000000        0x0 binaries/lflputc.o
 .note.GNU-stack
                0x0000000000000000        0x0 binaries/lflread.o
 .note.GNU-stack
                0x0000000000000000        0x0 binaries/lflseek.o
 .note.GNU-stack
                0x0000000000000000        0x0 binaries/lflwrite.o
 .note.GNU-stack
                0x0000000000000000        0x0 binaries/lfsckfmt.o
 .note.GNU-stack
                0x0000000000000000        0x0 binaries/lfscreate.o
 .note.GNU-stack
                0x0000000000000000        0x0 binaries/lfsetup.o
 .note.GNU-stack
                0x0000000000000000        0x0 binaries/lfsinit.o
 .note.GNU-stack
                0x0000000000000000        0x0 binaries/lfsopen.o
 .note.GNU-stack
                0x0000000000000000        0x0 binaries/lftruncate.o
 .note.GNU-stack
                0x0000000000000000        0x0 binaries/rflclose.o
 .note.GNU-stack
                0x0000000000000000        0x0 binaries/rflgetc.o
 .note.GNU-stack
                0x0000000000000000        0x0 binaries/rflinit.o
 .note.GNU-stack
                0x0000000000000000        0x0 binaries/rflputc.o
 .note.GNU-stack
                0x0000000000000000        0x0 binaries/rflread.o
 .note.GNU-stack
                0x0000000000000000        0x0 binaries/rflseek.o
 .note.GNU-stack
                0x0000000000000000        0x0 binaries/rflwrite.o
 .note.GNU-stack
                0x0000000000000000        0x0 binaries/rfscomm.o
 .note.GNU-stack
                0x0000000000000000        0x0 binaries/rfscontrol.o
 .note.GNU-stack
                0x0000000000000000        0x0 binaries/rfsgetmode.o
 .note.GNU-stack
                0x0000000000000000        0x0 binaries/rfsinit.o
 .note.GNU-stack
                0x0000000000000000        0x0 binaries/rfsndmsg.o
 .note.GNU-stack
                0x0000000000000000        0x0 binaries/rfsopen.o
 .note.GNU-stack
                0x0000000000000000        0x0 binaries/arp.o
 .note.GNU-stack
                0x0000000000000000        0x0 binaries/dhcp.o
 .note.GNU-stack
                0x0000000000000000        0x0 binaries/dns.o
 .note.GNU-stack
                0x0000000000000000        0x0 binaries/dot2ip.o
 .note.GNU-stack
                0x0000000000000000        0x0 binaries/hexdump.o
 .note.GNU-stack
                0x0000000000000000        0x0 binaries/icmp.o
 .note.GNU-stack
                0x0000000000000000        0x0 binaries/ip.o
 .note.GNU-stack
                0x0000000000000000        0x0 binaries/net.o
 .note.GNU-stack
                0x0000000000000000        0x0 binaries/netstart.o
 .note.GNU-stack
                0x0000000000000000        0x0 binaries/pdump.o
 .note.GNU-stack
                0x0000000000000000        0x0 binaries/tftp.o
 .note.GNU-stack
                0x0000000000000000        0x0 binaries/udp.o
 .note.GNU-stack
                0x0000000000000000        0x0 binaries/addargs.o
 .note.GNU-stack
                0x0000000000000000        0x0 binaries/lexan.o
 .note.GNU-stack
                0x0000000000000000        0x0 binaries/shell.o
 .note.GNU-stack
                0x0000000000000000        0x0 binaries/xsh_argecho.o
 .note.GNU-stack
                0x0000000000000000        0x0 binaries/xsh_arp.o
 .note.GNU-stack
                0x0000000000000000        0x0 binaries/xsh_cat.o
 .note.GNU-stack
                0x0000000000000000        0x0 binaries/xsh_clear.o
 .note.GNU-stack
                0x0000000000000000        0x0 binaries/xsh_date.o
 .note.GNU-stack
                0x0000000000000000        0x0 binaries/xsh_devdump.o
 .note.GNU-stack
                0x0000000000000000        0x0 binaries/xsh_echo.o
 .note.GNU-stack
                0x0000000000000000        0x0 binaries/xsh_exit.o
 .note.GNU-stack
                0x0000000000000000        0x0 binaries/xsh_help.o
 .note.GNU-stack
                0x0000000000000000        0x0 binaries/xsh_ipaddr.o
 .note.GNU-stack
                0x0000000000000000        0x0 binaries/xsh_kill.o
 .note.GNU-stack
                0x0000000000000000        0x0 binaries/xsh_memdump.o
 .note.GNU-stack
                0x0000000000000000        0x0 binaries/xsh_memstat.o
 .note.GNU-stack
                0x0000000000000000        0x0 binaries/xsh_ping.o
 .note.GNU-stack
                0x0000000000000000        0x0 binaries/xsh_ps.o
 .note.GNU-stack
                0x0000000000000000        0x0 binaries/xsh_sleep.o
 .note.GNU-stack
                0x0000000000000000        0x0 binaries/xsh_udpdump.o
 .note.GNU-stack
                0x0000000000000000        0x0 binaries/xsh_udpecho.o
 .note.GNU-stack
                0x0000000000000000        0x0 binaries/xsh_udpeserver.o
 .note.GNU-stack
                0x0000000000000000        0x0 binaries/xsh_uptime.o
