
Allocating common symbols
Common symbol       size              file

netbufpool          0x4               binaries/net.o
readylist           0x2               binaries/ready.o
rfltab              0x5a0             binaries/rflinit.o
sleepq              0x2               binaries/clkinit.o
nnames              0x4               binaries/naminit.o
udptab              0x168             binaries/udp.o
minheap             0x4               binaries/meminit.o
marks               0x50              binaries/mark.o
currpid             0x4               binaries/initialize.o
Lf_data             0x20c             binaries/lfsinit.o
porttab             0x2d0             binaries/ptinit.o
girmask             0x2               binaries/evec.o
ttytab              0x110             binaries/ttyinit.o
proctab             0x15e0            binaries/initialize.o
prcount             0x4               binaries/initialize.o
lfltab              0xf00             binaries/lflinit.o
rdstab              0x8c              binaries/rdsinit.o
ethertab            0x138             binaries/ethinit.o
NetData             0xa8              binaries/net.o
nmarks              0x4               binaries/mark.o
Defer               0x8               binaries/resched.o
semtab              0x4b0             binaries/initialize.o
maxheap             0x4               binaries/meminit.o
preempt             0x4               binaries/clkinit.o
buftab              0xf0              binaries/bufinit.o
Rf_data             0x18              binaries/rfsinit.o
mkmutex             0x4               binaries/mark.o
clktime             0x4               binaries/clkinit.o
arpcache            0x140             binaries/arp.o
icmptab             0x230             binaries/icmp.o
nbpools             0x4               binaries/bufinit.o
queuetab            0x980             binaries/queue.o
ptnextid            0x4               binaries/ptinit.o
Ram                 0x19000           binaries/raminit.o
ipoqueue            0x2c              binaries/ip.o
memlist             0x8               binaries/initialize.o
nametab             0x19a0            binaries/naminit.o
ptfree              0x4               binaries/ptinit.o

Memory Configuration

Name             Origin             Length             Attributes
*default*        0x0000000000000000 0xffffffffffffffff

Linker script and memory map

                0x0000000000100000                physbase = 0x100000
                0x0000000000100000                . = physbase
                0x0000000000100000                . = ALIGN (0x1000)

.text           0x0000000000100000    0x14000
                0x0000000000100000                text = ABSOLUTE (.)
 *(.text .text.*)
 .text          0x0000000000100000      0x1ac binaries/start.o
                0x0000000000100028                start
                0x00000000001000fa                inb
                0x0000000000100102                inw
                0x000000000010010b                inl
                0x0000000000100113                outb
                0x000000000010011d                outw
                0x0000000000100128                outl
                0x0000000000100132                _rtcin
                0x000000000010013d                ___udivsi3
                0x0000000000100148                ___divsi3
                0x0000000000100154                sbzero
                0x0000000000100164                bcopy
                0x0000000000100178                insw
                0x000000000010018e                outsw
                0x00000000001001a4                lidt
 .text          0x00000000001001ac      0x2fa binaries/ascdate.o
                0x00000000001001ac                ascdate
 *fill*         0x00000000001004a6        0x2 
 .text          0x00000000001004a8       0x10 binaries/bufinit.o
                0x00000000001004a8                bufinit
 .text          0x00000000001004b8       0x6a binaries/chprio.o
                0x00000000001004b8                chprio
 *fill*         0x0000000000100522        0x2 
 .text          0x0000000000100524       0x71 binaries/clkhandler.o
                0x0000000000100524                clkhandler
 *fill*         0x0000000000100595        0x3 
 .text          0x0000000000100598       0x76 binaries/clkinit.o
                0x0000000000100598                clkinit
 *fill*         0x000000000010060e        0x2 
 .text          0x0000000000100610       0x4e binaries/close.o
                0x0000000000100610                close
 *fill*         0x000000000010065e        0x2 
 .text          0x0000000000100660        0x0 binaries/conf.o
 .text          0x0000000000100660       0x66 binaries/control.o
                0x0000000000100660                control
 *fill*         0x00000000001006c6        0x2 
 .text          0x00000000001006c8      0x21a binaries/create.o
                0x00000000001006c8                create
 *fill*         0x00000000001008e2        0x2 
 .text          0x00000000001008e4      0x2b4 binaries/early_imr.o
                0x00000000001008e4                intel_cln_early_sb_read_reg
                0x000000000010094b                intel_cln_early_sb_write_reg
                0x0000000000100a56                remove_irm_protections
 .text          0x0000000000100b98      0x376 binaries/evec.o
                0x0000000000100b98                setirmask
                0x0000000000100bd6                set_evec
                0x0000000000100c33                initevec
                0x0000000000100d43                trap
 *fill*         0x0000000000100f0e        0x2 
 .text          0x0000000000100f10       0x14 binaries/exit.o
                0x0000000000100f10                exit
 .text          0x0000000000100f24        0x6 binaries/find_library_function.o
                0x0000000000100f24                find_library_function
 *fill*         0x0000000000100f2a        0x2 
 .text          0x0000000000100f2c       0x67 binaries/freebuf.o
                0x0000000000100f2c                freebuf
 *fill*         0x0000000000100f93        0x1 
 .text          0x0000000000100f94       0xec binaries/freemem.o
                0x0000000000100f94                freemem
 .text          0x0000000000101080       0x64 binaries/getbuf.o
                0x0000000000101080                getbuf
 .text          0x00000000001010e4       0x4e binaries/getc.o
                0x00000000001010e4                getc
 *fill*         0x0000000000101132        0x2 
 .text          0x0000000000101134       0x60 binaries/getdev.o
                0x0000000000101134                getdev
 .text          0x0000000000101194       0x83 binaries/getitem.o
                0x0000000000101194                getitem
                0x00000000001011c0                getlast
                0x00000000001011ee                getfirst
 *fill*         0x0000000000101217        0x1 
 .text          0x0000000000101218       0xb0 binaries/getmem.o
                0x0000000000101218                getmem
 .text          0x00000000001012c8        0x6 binaries/getpid.o
                0x00000000001012c8                getpid
 *fill*         0x00000000001012ce        0x2 
 .text          0x00000000001012d0       0x5b binaries/getprio.o
                0x00000000001012d0                getprio
 *fill*         0x000000000010132b        0x1 
 .text          0x000000000010132c       0x9a binaries/getstk.o
                0x000000000010132c                getstk
 *fill*         0x00000000001013c6        0x2 
 .text          0x00000000001013c8       0x34 binaries/gettime.o
                0x00000000001013c8                gettime
 .text          0x00000000001013fc      0x1b9 binaries/getutime.o
                0x00000000001013fc                getutime
 *fill*         0x00000000001015b5        0x3 
 .text          0x00000000001015b8       0x4e binaries/init.o
                0x00000000001015b8                init
 *fill*         0x0000000000101606        0x2 
 .text          0x0000000000101608      0x27b binaries/initialize.o
                0x0000000000101608                nulluser
                0x000000000010183b                stop
                0x0000000000101860                delay
 *fill*         0x0000000000101883        0x1 
 .text          0x0000000000101884       0xa0 binaries/insert.o
                0x0000000000101884                insert
 .text          0x0000000000101924       0xee binaries/insertd.o
                0x0000000000101924                insertd
 *fill*         0x0000000000101a12        0x2 
 .text          0x0000000000101a14        0x6 binaries/ioerr.o
                0x0000000000101a14                ioerr
 *fill*         0x0000000000101a1a        0x2 
 .text          0x0000000000101a1c        0x6 binaries/ionull.o
                0x0000000000101a1c                ionull
 *fill*         0x0000000000101a22        0x2 
 .text          0x0000000000101a24      0x131 binaries/kill.o
                0x0000000000101a24                kill
 *fill*         0x0000000000101b55        0x3 
 .text          0x0000000000101b58       0x92 binaries/kprintf.o
                0x0000000000101b58                kputc
                0x0000000000101b96                kgetc
                0x0000000000101bc2                kprintf
 *fill*         0x0000000000101bea        0x2 
 .text          0x0000000000101bec        0x6 binaries/load_library.o
                0x0000000000101bec                load_library
 *fill*         0x0000000000101bf2        0x2 
 .text          0x0000000000101bf4        0x6 binaries/load_program.o
                0x0000000000101bf4                load_program
 *fill*         0x0000000000101bfa        0x2 
 .text          0x0000000000101bfc       0x61 binaries/main.o
                0x0000000000101bfc                main
 *fill*         0x0000000000101c5d        0x3 
 .text          0x0000000000101c60       0x90 binaries/mark.o
                0x0000000000101c60                markinit
                0x0000000000101c82                mark
 .text          0x0000000000101cf0      0x1c1 binaries/meminit.o
                0x0000000000101cf0                meminit
                0x0000000000101e4e                setsegs
 *fill*         0x0000000000101eb1        0x3 
 .text          0x0000000000101eb4      0x115 binaries/mkbufpool.o
                0x0000000000101eb4                mkbufpool
 *fill*         0x0000000000101fc9        0x3 
 .text          0x0000000000101fcc       0x5e binaries/newqueue.o
                0x0000000000101fcc                newqueue
 *fill*         0x000000000010202a        0x2 
 .text          0x000000000010202c       0x5e binaries/open.o
                0x000000000010202c                open
 *fill*         0x000000000010208a        0x2 
 .text          0x000000000010208c       0x1e binaries/panic.o
                0x000000000010208c                panic
 *fill*         0x00000000001020aa        0x2 
 .text          0x00000000001020ac      0x281 binaries/pci.o
                0x00000000001020ac                pci_init
                0x00000000001020b2                find_pci_device
                0x000000000010217b                pci_read_config_byte
                0x00000000001021b6                pci_read_config_word
                0x00000000001021f3                pci_read_config_dword
                0x000000000010222e                pci_write_config_byte
                0x0000000000102267                pci_write_config_word
                0x00000000001022a1                pci_write_config_dword
                0x00000000001022da                pci_get_dev_mmio_base_addr
 *fill*         0x000000000010232d        0x3 
 .text          0x0000000000102330       0x98 binaries/platinit.o
                0x0000000000102330                console_init
                0x000000000010236f                platinit
 .text          0x00000000001023c8       0xa6 binaries/ptclear.o
                0x00000000001023c8                _ptclear
 *fill*         0x000000000010246e        0x2 
 .text          0x0000000000102470       0x6e binaries/ptcount.o
                0x0000000000102470                ptcount
 *fill*         0x00000000001024de        0x2 
 .text          0x00000000001024e0       0xbd binaries/ptcreate.o
                0x00000000001024e0                ptcreate
 *fill*         0x000000000010259d        0x3 
 .text          0x00000000001025a0       0x66 binaries/ptdelete.o
                0x00000000001025a0                ptdelete
 *fill*         0x0000000000102606        0x2 
 .text          0x0000000000102608       0x87 binaries/ptinit.o
                0x0000000000102608                ptinit
 *fill*         0x000000000010268f        0x1 
 .text          0x0000000000102690       0xb5 binaries/ptrecv.o
                0x0000000000102690                ptrecv
 *fill*         0x0000000000102745        0x3 
 .text          0x0000000000102748       0x60 binaries/ptreset.o
                0x0000000000102748                ptreset
 .text          0x00000000001027a8       0xd0 binaries/ptsend.o
                0x00000000001027a8                ptsend
 .text          0x0000000000102878       0x5b binaries/putc.o
                0x0000000000102878                putc
 *fill*         0x00000000001028d3        0x1 
 .text          0x00000000001028d4       0xd5 binaries/quark_irq.o
                0x00000000001028d4                quark_irq_routing
 *fill*         0x00000000001029a9        0x3 
 .text          0x00000000001029ac      0x1d9 binaries/quark_pdat.o
                0x00000000001029ac                get_quark_pdat_entry_data_by_id
                0x0000000000102a91                get_quark_pdat_entry_data_by_desc
 *fill*         0x0000000000102b85        0x3 
 .text          0x0000000000102b88       0xb3 binaries/queue.o
                0x0000000000102b88                enqueue
                0x0000000000102bf4                dequeue
 *fill*         0x0000000000102c3b        0x1 
 .text          0x0000000000102c3c       0x5e binaries/read.o
                0x0000000000102c3c                read
 *fill*         0x0000000000102c9a        0x2 
 .text          0x0000000000102c9c       0x6e binaries/ready.o
                0x0000000000102c9c                ready
 *fill*         0x0000000000102d0a        0x2 
 .text          0x0000000000102d0c       0x51 binaries/receive.o
                0x0000000000102d0c                receive
 *fill*         0x0000000000102d5d        0x3 
 .text          0x0000000000102d60       0x42 binaries/recvclr.o
                0x0000000000102d60                recvclr
 *fill*         0x0000000000102da2        0x2 
 .text          0x0000000000102da4       0x99 binaries/recvtime.o
                0x0000000000102da4                recvtime
 *fill*         0x0000000000102e3d        0x3 
 .text          0x0000000000102e40      0x12e binaries/resched.o
                0x0000000000102e40                resched
                0x0000000000102efd                resched_cntl
 *fill*         0x0000000000102f6e        0x2 
 .text          0x0000000000102f70       0x87 binaries/resume.o
                0x0000000000102f70                resume
 *fill*         0x0000000000102ff7        0x1 
 .text          0x0000000000102ff8       0x56 binaries/seek.o
                0x0000000000102ff8                seek
 *fill*         0x000000000010304e        0x2 
 .text          0x0000000000103050       0x47 binaries/semcount.o
                0x0000000000103050                semcount
 *fill*         0x0000000000103097        0x1 
 .text          0x0000000000103098       0x8f binaries/semcreate.o
                0x0000000000103098                semcreate
 *fill*         0x0000000000103127        0x1 
 .text          0x0000000000103128       0xa8 binaries/semdelete.o
                0x0000000000103128                semdelete
 .text          0x00000000001031d0       0x95 binaries/semreset.o
                0x00000000001031d0                semreset
 *fill*         0x0000000000103265        0x3 
 .text          0x0000000000103268       0xb4 binaries/send.o
                0x0000000000103268                send
 .text          0x000000000010331c       0x7c binaries/signal.o
                0x000000000010331c                signal
 .text          0x0000000000103398       0xa8 binaries/signaln.o
                0x0000000000103398                signaln
 .text          0x0000000000103440       0xbc binaries/sleep.o
                0x0000000000103440                sleepms
                0x00000000001034ca                sleep
 .text          0x00000000001034fc      0x17a binaries/stacktrace.o
                0x00000000001034fc                stacktrace
 *fill*         0x0000000000103676        0x2 
 .text          0x0000000000103678       0xb2 binaries/suspend.o
                0x0000000000103678                suspend
 *fill*         0x000000000010372a        0x2 
 .text          0x000000000010372c       0xa8 binaries/unsleep.o
                0x000000000010372c                unsleep
 .text          0x00000000001037d4       0x14 binaries/userret.o
                0x00000000001037d4                userret
 .text          0x00000000001037e8       0x9f binaries/wait.o
                0x00000000001037e8                wait
 *fill*         0x0000000000103887        0x1 
 .text          0x0000000000103888       0x71 binaries/wakeup.o
                0x0000000000103888                wakeup
 *fill*         0x00000000001038f9        0x3 
 .text          0x00000000001038fc       0x5e binaries/write.o
                0x00000000001038fc                write
 *fill*         0x000000000010395a        0x2 
 .text          0x000000000010395c       0x18 binaries/xdone.o
                0x000000000010395c                xdone
 .text          0x0000000000103974       0x22 binaries/yield.o
                0x0000000000103974                yield
 *fill*         0x0000000000103996        0x2 
 .text          0x0000000000103998        0xe binaries/abs.o
                0x0000000000103998                abs
 *fill*         0x00000000001039a6        0x2 
 .text          0x00000000001039a8       0x6a binaries/atoi.o
                0x00000000001039a8                atoi
 *fill*         0x0000000000103a12        0x2 
 .text          0x0000000000103a14       0x6a binaries/atol.o
                0x0000000000103a14                atol
 *fill*         0x0000000000103a7e        0x2 
 .text          0x0000000000103a80       0x19 binaries/bzero.o
                0x0000000000103a80                bzero
 *fill*         0x0000000000103a99        0x3 
 .text          0x0000000000103a9c        0x0 binaries/ctype_.o
 .text          0x0000000000103a9c      0x705 binaries/doprnt.o
                0x0000000000103bd2                _doprnt
 *fill*         0x00000000001041a1        0x3 
 .text          0x00000000001041a4      0x634 binaries/doscan.o
                0x00000000001041a4                _doscan
 .text          0x00000000001047d8      0x6dd binaries/fdoprnt.o
                0x0000000000104852                _fdoprnt
 *fill*         0x0000000000104eb5        0x3 
 .text          0x0000000000104eb8       0x1c binaries/fgetc.o
                0x0000000000104eb8                fgetc
 .text          0x0000000000104ed4       0x5d binaries/fgets.o
                0x0000000000104ed4                fgets
 *fill*         0x0000000000104f31        0x3 
 .text          0x0000000000104f34       0x30 binaries/fprintf.o
                0x0000000000104f34                fprintf
 .text          0x0000000000104f64       0x2c binaries/fputc.o
                0x0000000000104f64                fputc
 .text          0x0000000000104f90       0x37 binaries/fputs.o
                0x0000000000104f90                fputs
 *fill*         0x0000000000104fc7        0x1 
 .text          0x0000000000104fc8       0x7a binaries/fscanf.o
                0x0000000000104fff                fscanf
 *fill*         0x0000000000105042        0x2 
 .text          0x0000000000105044       0x27 binaries/getchar.o
                0x0000000000105044                getchar
 *fill*         0x000000000010506b        0x1 
 .text          0x000000000010506c        0xe binaries/labs.o
                0x000000000010506c                labs
 *fill*         0x000000000010507a        0x2 
 .text          0x000000000010507c       0x32 binaries/memchr.o
                0x000000000010507c                memchr
 *fill*         0x00000000001050ae        0x2 
 .text          0x00000000001050b0       0x4a binaries/memcmp.o
                0x00000000001050b0                memcmp
 *fill*         0x00000000001050fa        0x2 
 .text          0x00000000001050fc       0x25 binaries/memcpy.o
                0x00000000001050fc                memcpy
 *fill*         0x0000000000105121        0x3 
 .text          0x0000000000105124       0x1e binaries/memset.o
                0x0000000000105124                memset
 *fill*         0x0000000000105142        0x2 
 .text          0x0000000000105144       0x44 binaries/printf.o
                0x0000000000105144                printf
 .text          0x0000000000105188       0x2f binaries/putchar.o
                0x0000000000105188                putchar
 *fill*         0x00000000001051b7        0x1 
 .text          0x00000000001051b8      0x1df binaries/qsort.o
                0x000000000010536c                qsort
 *fill*         0x0000000000105397        0x1 
 .text          0x0000000000105398       0x44 binaries/rand.o
                0x0000000000105398                srand
                0x00000000001053a2                rand
 .text          0x00000000001053dc       0x51 binaries/sprintf.o
                0x00000000001053ef                sprintf
 *fill*         0x000000000010542d        0x3 
 .text          0x0000000000105430       0x69 binaries/sscanf.o
                0x0000000000105456                sscanf
 *fill*         0x0000000000105499        0x3 
 .text          0x000000000010549c       0x30 binaries/strchr.o
                0x000000000010549c                strchr
 .text          0x00000000001054cc       0x43 binaries/strcmp.o
                0x00000000001054cc                strcmp
 *fill*         0x000000000010550f        0x1 
 .text          0x0000000000105510       0x18 binaries/strcpy.o
                0x0000000000105510                strcpy
 .text          0x0000000000105528       0x1c binaries/strlen.o
                0x0000000000105528                strlen
 .text          0x0000000000105544       0x36 binaries/strncat.o
                0x0000000000105544                strncat
 *fill*         0x000000000010557a        0x2 
 .text          0x000000000010557c       0x3d binaries/strncmp.o
                0x000000000010557c                strncmp
 *fill*         0x00000000001055b9        0x3 
 .text          0x00000000001055bc       0x56 binaries/strncpy.o
                0x00000000001055bc                strncpy
 *fill*         0x0000000000105612        0x2 
 .text          0x0000000000105614       0x2e binaries/strnlen.o
                0x0000000000105614                strnlen
 *fill*         0x0000000000105642        0x2 
 .text          0x0000000000105644       0x30 binaries/strrchr.o
                0x0000000000105644                strrchr
 .text          0x0000000000105674       0x64 binaries/strstr.o
                0x0000000000105674                strstr
 .text          0x00000000001056d8       0xb9 binaries/ttycontrol.o
                0x00000000001056d8                ttycontrol
 *fill*         0x0000000000105791        0x3 
 .text          0x0000000000105794       0x78 binaries/ttygetc.o
                0x0000000000105794                ttygetc
 .text          0x000000000010580c      0x462 binaries/ttyhandle_in.o
                0x00000000001058bb                ttyhandle_in
 *fill*         0x0000000000105c6e        0x2 
 .text          0x0000000000105c70      0x162 binaries/ttyhandle_out.o
                0x0000000000105c70                ttyhandle_out
 *fill*         0x0000000000105dd2        0x2 
 .text          0x0000000000105dd4       0x81 binaries/ttyhandler.o
                0x0000000000105dd4                ttyhandler
 *fill*         0x0000000000105e55        0x3 
 .text          0x0000000000105e58      0x14b binaries/ttyinit.o
                0x0000000000105e58                ttyinit
 *fill*         0x0000000000105fa3        0x1 
 .text          0x0000000000105fa4        0xc binaries/ttykickout.o
                0x0000000000105fa4                ttykickout
 .text          0x0000000000105fb0       0x8a binaries/ttyputc.o
                0x0000000000105fb0                ttyputc
 *fill*         0x000000000010603a        0x2 
 .text          0x000000000010603c       0xd3 binaries/ttyread.o
                0x000000000010603c                ttyread
 *fill*         0x000000000010610f        0x1 
 .text          0x0000000000106110       0x53 binaries/ttywrite.o
                0x0000000000106110                ttywrite
 *fill*         0x0000000000106163        0x1 
 .text          0x0000000000106164      0x10d binaries/mount.o
                0x0000000000106164                namlen
                0x000000000010619c                mount
 *fill*         0x0000000000106271        0x3 
 .text          0x0000000000106274      0x1ea binaries/naminit.o
                0x0000000000106274                naminit
 *fill*         0x000000000010645e        0x2 
 .text          0x0000000000106460      0x213 binaries/nammap.o
                0x0000000000106460                namrepl
                0x0000000000106585                namcpy
                0x00000000001065d2                nammap
 *fill*         0x0000000000106673        0x1 
 .text          0x0000000000106674       0x58 binaries/namopen.o
                0x0000000000106674                namopen
 .text          0x00000000001066cc       0xd0 binaries/colon2mac.o
                0x00000000001066cc                colon2mac
 .text          0x000000000010679c       0x7b binaries/ethcontrol.o
                0x000000000010679c                ethcontrol
 *fill*         0x0000000000106817        0x1 
 .text          0x0000000000106818       0xe1 binaries/ethhandler.o
                0x0000000000106818                ethhandler
 *fill*         0x00000000001068f9        0x3 
 .text          0x00000000001068fc      0x4c9 binaries/ethinit.o
                0x00000000001068fc                eth_phy_read
                0x0000000000106939                eth_phy_write
                0x000000000010697b                eth_phy_reset
                0x0000000000106a75                ethinit
 *fill*         0x0000000000106dc5        0x3 
 .text          0x0000000000106dc8      0x11b binaries/ethmcast.o
                0x0000000000106dc8                ethmcast_add
                0x0000000000106e1b                ethmcast_remove
 *fill*         0x0000000000106ee3        0x1 
 .text          0x0000000000106ee4      0x13c binaries/ethread.o
                0x0000000000106ee4                ethread
 .text          0x0000000000107020       0xa3 binaries/ethwrite.o
                0x0000000000107020                ethwrite
 *fill*         0x00000000001070c3        0x1 
 .text          0x00000000001070c4       0x62 binaries/rdsbufalloc.o
                0x00000000001070c4                rdsbufalloc
 *fill*         0x0000000000107126        0x2 
 .text          0x0000000000107128       0x7d binaries/rdsclose.o
                0x0000000000107128                rdsclose
 *fill*         0x00000000001071a5        0x3 
 .text          0x00000000001071a8      0x1fc binaries/rdscomm.o
                0x00000000001071a8                rdscomm
 .text          0x00000000001073a4      0x197 binaries/rdscontrol.o
                0x00000000001073a4                rdscontrol
 *fill*         0x000000000010753b        0x1 
 .text          0x000000000010753c      0x17e binaries/rdsinit.o
                0x000000000010753c                rdsinit
 *fill*         0x00000000001076ba        0x2 
 .text          0x00000000001076bc      0x162 binaries/rdsopen.o
                0x00000000001076bc                rdsopen
 *fill*         0x000000000010781e        0x2 
 .text          0x0000000000107820      0x2d9 binaries/rdsprocess.o
                0x0000000000107820                rdsprocess
 *fill*         0x0000000000107af9        0x3 
 .text          0x0000000000107afc      0x183 binaries/rdsread.o
                0x0000000000107afc                rdsread
 *fill*         0x0000000000107c7f        0x1 
 .text          0x0000000000107c80      0x141 binaries/rdswrite.o
                0x0000000000107c80                rdswrite
 *fill*         0x0000000000107dc1        0x3 
 .text          0x0000000000107dc4        0x6 binaries/ramclose.o
                0x0000000000107dc4                ramclose
 *fill*         0x0000000000107dca        0x2 
 .text          0x0000000000107dcc       0x44 binaries/raminit.o
                0x0000000000107dcc                raminit
 .text          0x0000000000107e10        0x7 binaries/ramopen.o
                0x0000000000107e10                ramopen
 *fill*         0x0000000000107e17        0x1 
 .text          0x0000000000107e18       0x30 binaries/ramread.o
                0x0000000000107e18                ramread
 .text          0x0000000000107e48       0x30 binaries/ramwrite.o
                0x0000000000107e48                ramwrite
 .text          0x0000000000107e78       0x91 binaries/lfdballoc.o
                0x0000000000107e78                lfdballoc
 *fill*         0x0000000000107f09        0x3 
 .text          0x0000000000107f0c       0x5d binaries/lfdbfree.o
                0x0000000000107f0c                lfdbfree
 *fill*         0x0000000000107f69        0x3 
 .text          0x0000000000107f6c       0xaa binaries/lfflush.o
                0x0000000000107f6c                lfflush
 *fill*         0x0000000000108016        0x2 
 .text          0x0000000000108018       0x77 binaries/lfgetmode.o
                0x0000000000108018                lfgetmode
 *fill*         0x000000000010808f        0x1 
 .text          0x0000000000108090       0x68 binaries/lfiballoc.o
                0x0000000000108090                lfiballoc
 .text          0x00000000001080f8       0x25 binaries/lfibclear.o
                0x00000000001080f8                lfibclear
 *fill*         0x000000000010811d        0x3 
 .text          0x0000000000108120       0x7a binaries/lfibget.o
                0x0000000000108120                lfibget
 *fill*         0x000000000010819a        0x2 
 .text          0x000000000010819c       0xa0 binaries/lfibput.o
                0x000000000010819c                lfibput
 .text          0x000000000010823c       0x76 binaries/lflclose.o
                0x000000000010823c                lflclose
 *fill*         0x00000000001082b2        0x2 
 .text          0x00000000001082b4       0xa2 binaries/lflcontrol.o
                0x00000000001082b4                lflcontrol
 *fill*         0x0000000000108356        0x2 
 .text          0x0000000000108358       0x9c binaries/lflgetc.o
                0x0000000000108358                lflgetc
 .text          0x00000000001083f4       0xb8 binaries/lflinit.o
                0x00000000001083f4                lflinit
 .text          0x00000000001084ac       0xbc binaries/lflputc.o
                0x00000000001084ac                lflputc
 .text          0x0000000000108568       0x6a binaries/lflread.o
                0x0000000000108568                lflread
 *fill*         0x00000000001085d2        0x2 
 .text          0x00000000001085d4       0x82 binaries/lflseek.o
                0x00000000001085d4                lflseek
 *fill*         0x0000000000108656        0x2 
 .text          0x0000000000108658       0x4f binaries/lflwrite.o
                0x0000000000108658                lflwrite
 *fill*         0x00000000001086a7        0x1 
 .text          0x00000000001086a8      0x129 binaries/lfsckfmt.o
                0x00000000001086a8                lfsckfmt
 *fill*         0x00000000001087d1        0x3 
 .text          0x00000000001087d4      0x1c9 binaries/lfscreate.o
                0x00000000001087d4                lfscreate
 *fill*         0x000000000010899d        0x3 
 .text          0x00000000001089a0      0x1ad binaries/lfsetup.o
                0x00000000001089a0                lfsetup
 *fill*         0x0000000000108b4d        0x3 
 .text          0x0000000000108b50       0x51 binaries/lfsinit.o
                0x0000000000108b50                lfsinit
 *fill*         0x0000000000108ba1        0x3 
 .text          0x0000000000108ba4      0x2b2 binaries/lfsopen.o
                0x0000000000108ba4                lfsopen
 *fill*         0x0000000000108e56        0x2 
 .text          0x0000000000108e58      0x11c binaries/lftruncate.o
                0x0000000000108e58                lftruncate
 .text          0x0000000000108f74       0x5a binaries/rflclose.o
                0x0000000000108f74                rflclose
 *fill*         0x0000000000108fce        0x2 
 .text          0x0000000000108fd0       0x34 binaries/rflgetc.o
                0x0000000000108fd0                rflgetc
 .text          0x0000000000109004       0x4b binaries/rflinit.o
                0x0000000000109004                rflinit
 *fill*         0x000000000010904f        0x1 
 .text          0x0000000000109050       0x3a binaries/rflputc.o
                0x0000000000109050                rflputc
 *fill*         0x000000000010908a        0x2 
 .text          0x000000000010908c      0x366 binaries/rflread.o
                0x000000000010908c                rflread
 *fill*         0x00000000001093f2        0x2 
 .text          0x00000000001093f4       0x60 binaries/rflseek.o
                0x00000000001093f4                rflseek
 .text          0x0000000000109454      0x2b5 binaries/rflwrite.o
                0x0000000000109454                rflwrite
 *fill*         0x0000000000109709        0x3 
 .text          0x000000000010970c      0x17b binaries/rfscomm.o
                0x000000000010970c                rfscomm
 *fill*         0x0000000000109887        0x1 
 .text          0x0000000000109888      0x25a binaries/rfscontrol.o
                0x0000000000109888                rfscontrol
 *fill*         0x0000000000109ae2        0x2 
 .text          0x0000000000109ae4       0x77 binaries/rfsgetmode.o
                0x0000000000109ae4                rfsgetmode
 *fill*         0x0000000000109b5b        0x1 
 .text          0x0000000000109b5c       0x76 binaries/rfsinit.o
                0x0000000000109b5c                rfsinit
 *fill*         0x0000000000109bd2        0x2 
 .text          0x0000000000109bd4       0xbe binaries/rfsndmsg.o
                0x0000000000109bd4                rfsndmsg
 *fill*         0x0000000000109c92        0x2 
 .text          0x0000000000109c94      0x233 binaries/rfsopen.o
                0x0000000000109c94                rfsopen
 *fill*         0x0000000000109ec7        0x1 
 .text          0x0000000000109ec8      0x664 binaries/arp.o
                0x0000000000109ec8                arp_init
                0x0000000000109ee0                arp_alloc
                0x0000000000109f8b                arp_ntoh
                0x0000000000109ffd                arp_hton
                0x000000000010a06f                arp_in
                0x000000000010a2a7                arp_resolve
 .text          0x000000000010a52c      0x627 binaries/dhcp.o
                0x000000000010a52c                dhcp_get_opt_val
                0x000000000010a575                dhcp_bld_bootp_msg
                0x000000000010a676                dhcp_bld_disc
                0x000000000010a6c8                dhcp_bld_req
                0x000000000010a766                getlocalip
 *fill*         0x000000000010ab53        0x1 
 .text          0x000000000010ab54      0x40e binaries/dns.o
                0x000000000010ab54                dns_bldq
                0x000000000010abea                dns_getrname
                0x000000000010ac94                dns_geta
                0x000000000010adcd                dns_qa
 *fill*         0x000000000010af62        0x2 
 .text          0x000000000010af64       0xdf binaries/dot2ip.o
                0x000000000010af64                dot2ip
 *fill*         0x000000000010b043        0x1 
 .text          0x000000000010b044      0x35d binaries/hexdump.o
                0x000000000010b044                hexdump
                0x000000000010b16e                hexadump
 *fill*         0x000000000010b3a1        0x3 
 .text          0x000000000010b3a4      0x60b binaries/icmp.o
                0x000000000010b3a4                icmp_init
                0x000000000010b3bc                icmp_register
                0x000000000010b47b                icmp_recv
                0x000000000010b5d6                icmp_mkpkt
                0x000000000010b6ab                icmp_send
                0x000000000010b727                icmp_in
                0x000000000010b868                icmp_release
                0x000000000010b922                icmp_cksum
                0x000000000010b987                icmp_hton
                0x000000000010b99b                icmp_ntoh
 *fill*         0x000000000010b9af        0x1 
 .text          0x000000000010b9b0      0x57a binaries/ip.o
                0x000000000010b9b0                ip_local
                0x000000000010b9e4                ipcksum
                0x000000000010ba32                ip_ntoh
                0x000000000010baa4                ip_in
                0x000000000010bb9c                ip_hton
                0x000000000010bc0e                ip_out
                0x000000000010bcc8                ip_send
                0x000000000010bdc3                ipout
                0x000000000010be9e                ip_enqueue
 *fill*         0x000000000010bf2a        0x2 
 .text          0x000000000010bf2c      0x1d3 binaries/net.o
                0x000000000010bf2c                net_init
                0x000000000010c067                eth_hton
                0x000000000010c071                eth_ntoh
                0x000000000010c07b                netin
 *fill*         0x000000000010c0ff        0x1 
 .text          0x000000000010c100       0xd0 binaries/netstart.o
                0x000000000010c100                netstart
 .text          0x000000000010c1d0      0xb5f binaries/pdump.o
                0x000000000010c1d0                pdump
                0x000000000010c843                pdumph
 *fill*         0x000000000010cd2f        0x1 
 .text          0x000000000010cd30      0x5e0 binaries/tftp.o
                0x000000000010cd30                tftp_send1
                0x000000000010ce63                tftpget_mb
                0x000000000010d2d3                tftpget
 .text          0x000000000010d310      0x7e9 binaries/udp.o
                0x000000000010d310                udp_init
                0x000000000010d34d                udp_in
                0x000000000010d413                udp_register
                0x000000000010d509                udp_recv
                0x000000000010d624                udp_recvaddr
                0x000000000010d756                udp_send
                0x000000000010d8cc                udp_sendto
                0x000000000010da17                udp_release
                0x000000000010dad1                udp_ntoh
                0x000000000010dae5                udp_hton
 *fill*         0x000000000010daf9        0x3 
 .text          0x000000000010dafc       0xff binaries/addargs.o
                0x000000000010dafc                addargs
 *fill*         0x000000000010dbfb        0x1 
 .text          0x000000000010dbfc      0x1c4 binaries/lexan.o
                0x000000000010dbfc                lexan
 .text          0x000000000010ddc0      0x6e3 binaries/shell.o
                0x000000000010ddc0                shell
 *fill*         0x000000000010e4a3        0x1 
 .text          0x000000000010e4a4       0x5b binaries/xsh_argecho.o
                0x000000000010e4a4                xsh_argecho
 *fill*         0x000000000010e4ff        0x1 
 .text          0x000000000010e500      0x1e0 binaries/xsh_arp.o
                0x000000000010e500                xsh_arp
 .text          0x000000000010e6e0      0x21e binaries/xsh_cat.o
                0x000000000010e6e0                xsh_cat
 *fill*         0x000000000010e8fe        0x2 
 .text          0x000000000010e900       0x58 binaries/xsh_clear.o
                0x000000000010e900                xsh_clear
 .text          0x000000000010e958      0x2bf binaries/xsh_date.o
                0x000000000010e958                xsh_date
 *fill*         0x000000000010ec17        0x1 
 .text          0x000000000010ec18       0x9b binaries/xsh_devdump.o
                0x000000000010ec18                xsh_devdump
 *fill*         0x000000000010ecb3        0x1 
 .text          0x000000000010ecb4       0x60 binaries/xsh_echo.o
                0x000000000010ecb4                xsh_echo
 .text          0x000000000010ed14        0x6 binaries/xsh_exit.o
                0x000000000010ed14                xsh_exit
 *fill*         0x000000000010ed1a        0x2 
 .text          0x000000000010ed1c      0x32f binaries/xsh_help.o
                0x000000000010ed1c                xsh_help
 *fill*         0x000000000010f04b        0x1 
 .text          0x000000000010f04c      0x42d binaries/xsh_ipaddr.o
                0x000000000010f04c                xsh_ipaddr
 *fill*         0x000000000010f479        0x3 
 .text          0x000000000010f47c      0x1f6 binaries/xsh_kill.o
                0x000000000010f47c                xsh_kill
 *fill*         0x000000000010f672        0x2 
 .text          0x000000000010f674      0x405 binaries/xsh_memdump.o
                0x000000000010f738                xsh_memdump
 *fill*         0x000000000010fa79        0x3 
 .text          0x000000000010fa7c      0x1fc binaries/xsh_memstat.o
                0x000000000010fa7c                xsh_memstat
 .text          0x000000000010fc78      0x3d4 binaries/xsh_ping.o
                0x000000000010fc78                xsh_ping
 .text          0x000000000011004c      0x20f binaries/xsh_ps.o
                0x000000000011004c                xsh_ps
 *fill*         0x000000000011025b        0x1 
 .text          0x000000000011025c      0x1e5 binaries/xsh_sleep.o
                0x000000000011025c                xsh_sleep
 *fill*         0x0000000000110441        0x3 
 .text          0x0000000000110444      0x244 binaries/xsh_udpdump.o
                0x0000000000110444                xsh_udpdump
 .text          0x0000000000110688      0x449 binaries/xsh_udpecho.o
                0x0000000000110688                xsh_udpecho
 *fill*         0x0000000000110ad1        0x3 
 .text          0x0000000000110ad4      0x28a binaries/xsh_udpeserver.o
                0x0000000000110ad4                xsh_udpeserver
 *fill*         0x0000000000110d5e        0x2 
 .text          0x0000000000110d60      0x1c6 binaries/xsh_uptime.o
                0x0000000000110d60                xsh_uptime
 *fill*         0x0000000000110f26        0x2 
 .text          0x0000000000110f28        0xe binaries/clkdisp.o
                0x0000000000110f28                clkdisp
 *fill*         0x0000000000110f36        0x2 
 .text          0x0000000000110f38       0x19 binaries/ctxsw.o
                0x0000000000110f38                ctxsw
 *fill*         0x0000000000110f51        0x3 
 .text          0x0000000000110f54      0x36b binaries/intr.o
                0x0000000000110f54                disable
                0x0000000000110f5d                restore
                0x0000000000110f6b                enable
                0x0000000000110f6d                pause
                0x0000000000110f74                halt
                0x0000000000110f7a                spurious_irq7
                0x0000000000110f7f                spurious_irq15
                0x0000000000110f8e                _Xint0
                0x0000000000110f99                _Xint1
                0x0000000000110fa4                _Xint2
                0x0000000000110faf                _Xint3
                0x0000000000110fba                _Xint4
                0x0000000000110fc5                _Xint5
                0x0000000000110fd0                _Xint6
                0x0000000000110fdb                _Xint7
                0x0000000000110fe6                _Xint8
                0x0000000000110ff1                _Xint9
                0x0000000000110ffc                _Xint10
                0x0000000000111007                _Xint11
                0x0000000000111015                _Xint12
                0x0000000000111023                _Xint13
                0x0000000000111031                _Xint14
                0x000000000011103f                _Xint15
                0x000000000011104d                _Xint16
                0x000000000011105b                _Xint17
                0x0000000000111069                _Xint18
                0x0000000000111077                _Xint19
                0x0000000000111085                _Xint20
                0x0000000000111093                _Xint21
                0x00000000001110a1                _Xint22
                0x00000000001110af                _Xint23
                0x00000000001110bd                _Xint24
                0x00000000001110cb                _Xint25
                0x00000000001110d9                _Xint26
                0x00000000001110e7                _Xint27
                0x00000000001110f5                _Xint28
                0x0000000000111103                _Xint29
                0x0000000000111111                _Xint30
                0x000000000011111f                _Xint31
                0x000000000011112d                _Xint32
                0x000000000011113b                _Xint33
                0x0000000000111149                _Xint34
                0x0000000000111157                _Xint35
                0x0000000000111165                _Xint36
                0x0000000000111173                _Xint37
                0x0000000000111181                _Xint38
                0x000000000011118f                _Xint39
                0x000000000011119d                _Xint40
                0x00000000001111ab                _Xint41
                0x00000000001111b9                _Xint42
                0x00000000001111c7                _Xint43
                0x00000000001111d5                _Xint44
                0x00000000001111e3                _Xint45
                0x00000000001111f1                _Xint46
                0x00000000001111ff                defevec
 *fill*         0x00000000001112bf        0x1 
 .text          0x00000000001112c0        0xf binaries/ttydispatch.o
                0x00000000001112c0                ttydispatch
 *fill*         0x00000000001112cf        0x1 
 .text          0x00000000001112d0       0x13 binaries/ethdispatch.o
                0x00000000001112d0                ethdispatch
 *(.rodata .rodata.*)
 .rodata.str1.1
                0x00000000001112e3       0x54 binaries/ascdate.o
 *fill*         0x0000000000111337        0x1 
 .rodata.str1.4
                0x0000000000111338       0x22 binaries/ascdate.o
 .rodata.str1.1
                0x000000000011135a       0xae binaries/conf.o
 .rodata.str1.4
                0x0000000000111408       0x4f binaries/early_imr.o
 .rodata        0x0000000000111457       0x30 binaries/early_imr.o
 .rodata.str1.1
                0x0000000000111487      0x20c binaries/evec.o
 *fill*         0x0000000000111693        0x1 
 .rodata.str1.4
                0x0000000000111694       0x23 binaries/evec.o
 .rodata.str1.1
                0x00000000001116b7        0xb binaries/getutime.o
 *fill*         0x00000000001116c2        0x2 
 .rodata.str1.4
                0x00000000001116c4       0x54 binaries/getutime.o
 .rodata.str1.1
                0x0000000000111718       0x63 binaries/initialize.o
                                         0x67 (size before relaxing)
 *fill*         0x000000000011177b        0x1 
 .rodata.str1.4
                0x000000000011177c       0xd0 binaries/initialize.o
 .rodata        0x000000000011184c       0x20 binaries/kill.o
 .rodata.str1.1
                0x000000000011186c       0x12 binaries/main.o
                                         0x15 (size before relaxing)
 *fill*         0x000000000011187e        0x2 
 .rodata.str1.4
                0x0000000000111880       0x23 binaries/meminit.o
 .rodata.str1.1
                0x00000000001118a3       0x1b binaries/meminit.o
 .rodata.str1.1
                0x00000000001118be        0xf binaries/panic.o
 .rodata.str1.1
                0x00000000001118cd       0x1c binaries/ptinit.o
 *fill*         0x00000000001118e9        0x3 
 .rodata.str1.4
                0x00000000001118ec       0x25 binaries/ptsend.o
 .rodata.str1.1
                0x0000000000111911       0x22 binaries/quark_pdat.o
 *fill*         0x0000000000111933        0x1 
 .rodata.str1.4
                0x0000000000111934       0x63 binaries/stacktrace.o
 .rodata.str1.1
                0x0000000000111997       0x52 binaries/stacktrace.o
 *fill*         0x00000000001119e9        0x3 
 .rodata.str1.4
                0x00000000001119ec       0x27 binaries/xdone.o
 *fill*         0x0000000000111a13        0xd 
 .rodata        0x0000000000111a20       0x81 binaries/ctype_.o
                0x0000000000111a20                _ctype_
 .rodata.str1.1
                0x0000000000111aa1       0x29 binaries/doprnt.o
 *fill*         0x0000000000111aca        0x2 
 .rodata        0x0000000000111acc       0xc4 binaries/doprnt.o
 .rodata        0x0000000000111b90       0x98 binaries/doscan.o
 .rodata.str1.1
                0x0000000000000000       0x29 binaries/fdoprnt.o
 .rodata        0x0000000000111c28       0x84 binaries/fdoprnt.o
 .rodata        0x0000000000111cac       0x20 binaries/ttycontrol.o
 .rodata.str1.4
                0x0000000000111ccc       0x4c binaries/naminit.o
 .rodata.str1.1
                0x0000000000111d18       0x32 binaries/naminit.o
                                         0x35 (size before relaxing)
 .rodata.str1.1
                0x0000000000111d4a       0x15 binaries/ethinit.o
 *fill*         0x0000000000111d5f        0x1 
 .rodata.str1.4
                0x0000000000111d60       0x2e binaries/ethinit.o
 *fill*         0x0000000000111d8e        0x2 
 .rodata.str1.4
                0x0000000000111d90       0x2c binaries/rdsbufalloc.o
 .rodata.str1.4
                0x0000000000111dbc       0x76 binaries/rdscomm.o
 *fill*         0x0000000000111e32        0x2 
 .rodata.str1.4
                0x0000000000111e34       0x48 binaries/rdscontrol.o
 .rodata.str1.4
                0x0000000000111e7c       0x7e binaries/rdsinit.o
 .rodata.str1.1
                0x0000000000111efa       0x18 binaries/rdsinit.o
 *fill*         0x0000000000111f12        0x2 
 .rodata.str1.4
                0x0000000000111f14       0x22 binaries/rdsopen.o
 *fill*         0x0000000000111f36        0x2 
 .rodata.str1.4
                0x0000000000111f38       0x4d binaries/rdsprocess.o
 .rodata.str1.1
                0x0000000000111f85        0x9 binaries/raminit.o
 .rodata.str1.1
                0x0000000000111f8e       0x13 binaries/lfdballoc.o
 *fill*         0x0000000000111fa1        0x3 
 .rodata.str1.4
                0x0000000000111fa4       0x23 binaries/lfdballoc.o
 .rodata.str1.1
                0x0000000000111fc7       0x14 binaries/lfiballoc.o
 *fill*         0x0000000000111fdb        0x1 
 .rodata.str1.4
                0x0000000000111fdc       0x23 binaries/lflcontrol.o
 .rodata.str1.1
                0x0000000000111fff       0x64 binaries/lfsckfmt.o
 *fill*         0x0000000000112063        0x1 
 .rodata.str1.4
                0x0000000000112064       0x51 binaries/lfsckfmt.o
 *fill*         0x00000000001120b5        0x3 
 .rodata.str1.4
                0x00000000001120b8       0x21 binaries/rflread.o
 .rodata.str1.4
                0x0000000000000000       0x21 binaries/rflwrite.o
 *fill*         0x00000000001120d9        0x3 
 .rodata.str1.4
                0x00000000001120dc       0x75 binaries/rfscomm.o
 *fill*         0x0000000000112151        0x3 
 .rodata.str1.4
                0x0000000000112154       0x23 binaries/rfscontrol.o
 *fill*         0x0000000000112177        0x1 
 .rodata        0x0000000000112178       0x18 binaries/rfscontrol.o
 .rodata.str1.1
                0x0000000000112190        0xc binaries/rfsinit.o
 .rodata.str1.4
                0x000000000011219c       0x57 binaries/rfsinit.o
 *fill*         0x00000000001121f3        0x1 
 .rodata.str1.4
                0x00000000001121f4       0x2a binaries/rfsndmsg.o
 .rodata.str1.4
                0x0000000000000000       0x22 binaries/rfsopen.o
 .rodata.str1.1
                0x000000000011221e       0x19 binaries/arp.o
 *fill*         0x0000000000112237        0x1 
 .rodata.str1.4
                0x0000000000112238       0x21 binaries/arp.o
 *fill*         0x0000000000112259        0x3 
 .rodata.str1.4
                0x000000000011225c       0xa6 binaries/dhcp.o
 .rodata.str1.1
                0x0000000000112302       0x4a binaries/dhcp.o
 .rodata.str1.1
                0x000000000011234c       0x5a binaries/hexdump.o
                                         0x61 (size before relaxing)
 *fill*         0x00000000001123a6        0x2 
 .rodata.str1.4
                0x00000000001123a8       0x67 binaries/hexdump.o
 *fill*         0x000000000011240f        0x1 
 .rodata.str1.4
                0x0000000000112410       0x29 binaries/icmp.o
 .rodata.str1.1
                0x0000000000112439       0x4e binaries/ip.o
 *fill*         0x0000000000112487        0x1 
 .rodata.str1.4
                0x0000000000112488       0x20 binaries/ip.o
 .rodata.str1.4
                0x00000000001124a8       0x28 binaries/net.o
 .rodata.str1.1
                0x00000000001124d0       0x27 binaries/net.o
 *fill*         0x00000000001124f7        0x1 
 .rodata.str1.4
                0x00000000001124f8       0xcf binaries/netstart.o
 .rodata.str1.1
                0x00000000001125c7      0x141 binaries/pdump.o
                                        0x14b (size before relaxing)
 .rodata.str1.4
                0x0000000000112708      0x126 binaries/pdump.o
 *fill*         0x000000000011282e        0x2 
 .rodata.str1.4
                0x0000000000112830      0x148 binaries/tftp.o
 .rodata.str1.1
                0x0000000000112978        0x6 binaries/tftp.o
                                          0xa (size before relaxing)
 .rodata.str1.1
                0x000000000011297e       0xe3 binaries/shell.o
                                         0xff (size before relaxing)
 *fill*         0x0000000000112a61        0x3 
 .rodata.str1.4
                0x0000000000112a64      0x1c4 binaries/shell.o
 *fill*         0x0000000000112c28       0x18 
 .rodata        0x0000000000112c40       0xfc binaries/shell.o
                0x0000000000112c40                cmdtab
 .rodata.str1.1
                0x0000000000112d3c       0x26 binaries/xsh_argecho.o
                                         0x28 (size before relaxing)
 .rodata.str1.1
                0x0000000000112d62       0x70 binaries/xsh_arp.o
                                         0x72 (size before relaxing)
 *fill*         0x0000000000112dd2        0x2 
 .rodata.str1.4
                0x0000000000112dd4       0xb4 binaries/xsh_arp.o
 .rodata.str1.1
                0x0000000000112e88       0x2d binaries/xsh_cat.o
                                         0x4f (size before relaxing)
 *fill*         0x0000000000112eb5        0x3 
 .rodata.str1.4
                0x0000000000112eb8       0x52 binaries/xsh_cat.o
                                         0x79 (size before relaxing)
 .rodata.str1.1
                0x0000000000112f0a       0x15 binaries/xsh_clear.o
 .rodata.str1.1
                0x0000000000112f1f       0x46 binaries/xsh_date.o
                                         0x5f (size before relaxing)
 *fill*         0x0000000000112f65        0x3 
 .rodata.str1.4
                0x0000000000112f68      0x163 binaries/xsh_date.o
 .rodata.str1.1
                0x00000000001130cb       0x5d binaries/xsh_devdump.o
 .rodata.str1.1
                0x0000000000113128        0x4 binaries/xsh_echo.o
                                          0x9 (size before relaxing)
 .rodata.str1.1
                0x000000000011312c       0x65 binaries/xsh_help.o
                                         0xa3 (size before relaxing)
 *fill*         0x0000000000113191        0x3 
 .rodata.str1.4
                0x0000000000113194       0x7c binaries/xsh_help.o
                                         0xc6 (size before relaxing)
 .rodata.str1.1
                0x0000000000113210       0x9c binaries/xsh_ipaddr.o
                                         0xf8 (size before relaxing)
 .rodata.str1.4
                0x00000000001132ac       0x4d binaries/xsh_ipaddr.o
                                         0x99 (size before relaxing)
 .rodata.str1.1
                0x00000000001132f9       0x78 binaries/xsh_kill.o
                                         0x97 (size before relaxing)
 *fill*         0x0000000000113371        0x3 
 .rodata.str1.4
                0x0000000000113374       0x4a binaries/xsh_kill.o
                                         0x96 (size before relaxing)
 .rodata.str1.1
                0x00000000001133be       0x84 binaries/xsh_memdump.o
                                         0xa8 (size before relaxing)
 *fill*         0x0000000000113442        0x2 
 .rodata.str1.4
                0x0000000000113444      0x15a binaries/xsh_memdump.o
                                        0x1aa (size before relaxing)
 .rodata.str1.1
                0x000000000011359e       0x40 binaries/xsh_memstat.o
                                         0x79 (size before relaxing)
 *fill*         0x00000000001135de        0x2 
 .rodata.str1.4
                0x00000000001135e0      0x187 binaries/xsh_memstat.o
                                        0x1af (size before relaxing)
 .rodata.str1.1
                0x0000000000113767       0xbc binaries/xsh_ping.o
                                         0xdb (size before relaxing)
 *fill*         0x0000000000113823        0x1 
 .rodata.str1.4
                0x0000000000113824       0x77 binaries/xsh_ping.o
                                         0xc6 (size before relaxing)
 .rodata.str1.1
                0x000000000011389b       0x74 binaries/xsh_ps.o
                                         0xd5 (size before relaxing)
 *fill*         0x000000000011390f        0x1 
 .rodata.str1.4
                0x0000000000113910       0x80 binaries/xsh_ps.o
                                         0xd0 (size before relaxing)
 *fill*         0x0000000000113990       0x10 
 .rodata        0x00000000001139a0       0x20 binaries/xsh_ps.o
 .rodata.str1.1
                0x00000000001139c0       0x31 binaries/xsh_sleep.o
                                         0x72 (size before relaxing)
 *fill*         0x00000000001139f1        0x3 
 .rodata.str1.4
                0x00000000001139f4       0x2a binaries/xsh_sleep.o
                                         0x7a (size before relaxing)
 .rodata.str1.1
                0x0000000000113a1e       0x6b binaries/xsh_udpdump.o
                                         0xd2 (size before relaxing)
 *fill*         0x0000000000113a89        0x3 
 .rodata.str1.4
                0x0000000000113a8c       0x94 binaries/xsh_udpdump.o
                                         0xe4 (size before relaxing)
 .rodata.str1.1
                0x0000000000113b20       0xdb binaries/xsh_udpecho.o
                                         0xfa (size before relaxing)
 *fill*         0x0000000000113bfb        0x1 
 .rodata.str1.4
                0x0000000000113bfc       0xc7 binaries/xsh_udpecho.o
                                        0x116 (size before relaxing)
 .rodata.str1.1
                0x0000000000113cc3       0x66 binaries/xsh_udpeserver.o
                                         0x8f (size before relaxing)
 *fill*         0x0000000000113d29        0x3 
 .rodata.str1.4
                0x0000000000113d2c       0x29 binaries/xsh_udpeserver.o
                                         0x9f (size before relaxing)
 .rodata.str1.1
                0x0000000000113d55       0x49 binaries/xsh_uptime.o
                                         0x8c (size before relaxing)
 *fill*         0x0000000000113d9e        0x2 
 .rodata.str1.4
                0x0000000000113da0       0x28 binaries/xsh_uptime.o
                                         0x76 (size before relaxing)
                0x0000000000113dc8                etext = ABSOLUTE (.)
                0x0000000000114000                . = ALIGN (0x1000)
 *fill*         0x0000000000113dc8      0x238 

.eh_frame       0x0000000000114000     0x325c
 .eh_frame      0x0000000000114000       0x58 binaries/ascdate.o
 .eh_frame      0x0000000000114058       0x14 binaries/bufinit.o
                                         0x2c (size before relaxing)
 .eh_frame      0x000000000011406c       0x34 binaries/chprio.o
                                         0x4c (size before relaxing)
 .eh_frame      0x00000000001140a0       0x18 binaries/clkhandler.o
                                         0x30 (size before relaxing)
 .eh_frame      0x00000000001140b8       0x18 binaries/clkinit.o
                                         0x30 (size before relaxing)
 .eh_frame      0x00000000001140d0       0x2c binaries/close.o
                                         0x44 (size before relaxing)
 .eh_frame      0x00000000001140fc       0x2c binaries/control.o
                                         0x44 (size before relaxing)
 .eh_frame      0x0000000000114128       0x40 binaries/create.o
                                         0x58 (size before relaxing)
 .eh_frame      0x0000000000114168       0x98 binaries/early_imr.o
                                         0xb0 (size before relaxing)
 .eh_frame      0x0000000000114200       0x94 binaries/evec.o
                                         0xac (size before relaxing)
 .eh_frame      0x0000000000114294       0x18 binaries/exit.o
                                         0x30 (size before relaxing)
 .eh_frame      0x00000000001142ac       0x14 binaries/find_library_function.o
                                         0x2c (size before relaxing)
 .eh_frame      0x00000000001142c0       0x2c binaries/freebuf.o
                                         0x44 (size before relaxing)
 .eh_frame      0x00000000001142ec       0x3c binaries/freemem.o
                                         0x54 (size before relaxing)
 .eh_frame      0x0000000000114328       0x3c binaries/getbuf.o
                                         0x54 (size before relaxing)
 .eh_frame      0x0000000000114364       0x2c binaries/getc.o
                                         0x44 (size before relaxing)
 .eh_frame      0x0000000000114390       0x3c binaries/getdev.o
                                         0x54 (size before relaxing)
 .eh_frame      0x00000000001143cc       0x4c binaries/getitem.o
                                         0x64 (size before relaxing)
 .eh_frame      0x0000000000114418       0x2c binaries/getmem.o
                                         0x44 (size before relaxing)
 .eh_frame      0x0000000000114444       0x14 binaries/getpid.o
                                         0x2c (size before relaxing)
 .eh_frame      0x0000000000114458       0x24 binaries/getprio.o
                                         0x3c (size before relaxing)
 .eh_frame      0x000000000011447c       0x3c binaries/getstk.o
                                         0x54 (size before relaxing)
 .eh_frame      0x00000000001144b8       0x18 binaries/gettime.o
                                         0x30 (size before relaxing)
 .eh_frame      0x00000000001144d0       0x24 binaries/getutime.o
                                         0x3c (size before relaxing)
 .eh_frame      0x00000000001144f4       0x2c binaries/init.o
                                         0x44 (size before relaxing)
 .eh_frame      0x0000000000114520       0x48 binaries/initialize.o
                                         0x60 (size before relaxing)
 .eh_frame      0x0000000000114568       0x24 binaries/insert.o
                                         0x3c (size before relaxing)
 .eh_frame      0x000000000011458c       0x38 binaries/insertd.o
                                         0x50 (size before relaxing)
 .eh_frame      0x00000000001145c4       0x14 binaries/ioerr.o
                                         0x2c (size before relaxing)
 .eh_frame      0x00000000001145d8       0x14 binaries/ionull.o
                                         0x2c (size before relaxing)
 .eh_frame      0x00000000001145ec       0x40 binaries/kill.o
                                         0x58 (size before relaxing)
 .eh_frame      0x000000000011462c       0x40 binaries/kprintf.o
                                         0x58 (size before relaxing)
 .eh_frame      0x000000000011466c       0x14 binaries/load_library.o
                                         0x2c (size before relaxing)
 .eh_frame      0x0000000000114680       0x14 binaries/load_program.o
                                         0x2c (size before relaxing)
 .eh_frame      0x0000000000114694       0x20 binaries/main.o
                                         0x38 (size before relaxing)
 .eh_frame      0x00000000001146b4       0x3c binaries/mark.o
                                         0x54 (size before relaxing)
 .eh_frame      0x00000000001146f0       0x58 binaries/meminit.o
                                         0x70 (size before relaxing)
 .eh_frame      0x0000000000114748       0x40 binaries/mkbufpool.o
                                         0x58 (size before relaxing)
 .eh_frame      0x0000000000114788       0x14 binaries/newqueue.o
                                         0x2c (size before relaxing)
 .eh_frame      0x000000000011479c       0x2c binaries/open.o
                                         0x44 (size before relaxing)
 .eh_frame      0x00000000001147c8       0x14 binaries/panic.o
                                         0x2c (size before relaxing)
 .eh_frame      0x00000000001147dc       0xe0 binaries/pci.o
                                         0xf8 (size before relaxing)
 .eh_frame      0x00000000001148bc       0x30 binaries/platinit.o
                                         0x48 (size before relaxing)
 .eh_frame      0x00000000001148ec       0x3c binaries/ptclear.o
                                         0x54 (size before relaxing)
 .eh_frame      0x0000000000114928       0x34 binaries/ptcount.o
                                         0x4c (size before relaxing)
 .eh_frame      0x000000000011495c       0x3c binaries/ptcreate.o
                                         0x54 (size before relaxing)
 .eh_frame      0x0000000000114998       0x2c binaries/ptdelete.o
                                         0x44 (size before relaxing)
 .eh_frame      0x00000000001149c4       0x24 binaries/ptinit.o
                                         0x3c (size before relaxing)
 .eh_frame      0x00000000001149e8       0x3c binaries/ptrecv.o
                                         0x54 (size before relaxing)
 .eh_frame      0x0000000000114a24       0x2c binaries/ptreset.o
                                         0x44 (size before relaxing)
 .eh_frame      0x0000000000114a50       0x34 binaries/ptsend.o
                                         0x4c (size before relaxing)
 .eh_frame      0x0000000000114a84       0x34 binaries/putc.o
                                         0x4c (size before relaxing)
 .eh_frame      0x0000000000114ab8       0x24 binaries/quark_irq.o
                                         0x3c (size before relaxing)
 .eh_frame      0x0000000000114adc       0x60 binaries/quark_pdat.o
                                         0x78 (size before relaxing)
 .eh_frame      0x0000000000114b3c       0x34 binaries/queue.o
                                         0x4c (size before relaxing)
 .eh_frame      0x0000000000114b70       0x2c binaries/read.o
                                         0x44 (size before relaxing)
 .eh_frame      0x0000000000114b9c       0x18 binaries/ready.o
                                         0x30 (size before relaxing)
 .eh_frame      0x0000000000114bb4       0x34 binaries/receive.o
                                         0x4c (size before relaxing)
 .eh_frame      0x0000000000114be8       0x20 binaries/recvclr.o
                                         0x38 (size before relaxing)
 .eh_frame      0x0000000000114c08       0x3c binaries/recvtime.o
                                         0x54 (size before relaxing)
 .eh_frame      0x0000000000114c44       0x4c binaries/resched.o
                                         0x64 (size before relaxing)
 .eh_frame      0x0000000000114c90       0x34 binaries/resume.o
                                         0x4c (size before relaxing)
 .eh_frame      0x0000000000114cc4       0x2c binaries/seek.o
                                         0x44 (size before relaxing)
 .eh_frame      0x0000000000114cf0       0x24 binaries/semcount.o
                                         0x3c (size before relaxing)
 .eh_frame      0x0000000000114d14       0x3c binaries/semcreate.o
                                         0x54 (size before relaxing)
 .eh_frame      0x0000000000114d50       0x2c binaries/semdelete.o
                                         0x44 (size before relaxing)
 .eh_frame      0x0000000000114d7c       0x3c binaries/semreset.o
                                         0x54 (size before relaxing)
 .eh_frame      0x0000000000114db8       0x2c binaries/send.o
                                         0x44 (size before relaxing)
 .eh_frame      0x0000000000114de4       0x2c binaries/signal.o
                                         0x44 (size before relaxing)
 .eh_frame      0x0000000000114e10       0x34 binaries/signaln.o
                                         0x4c (size before relaxing)
 .eh_frame      0x0000000000114e44       0x44 binaries/sleep.o
                                         0x5c (size before relaxing)
 .eh_frame      0x0000000000114e88       0x40 binaries/stacktrace.o
                                         0x58 (size before relaxing)
 .eh_frame      0x0000000000114ec8       0x3c binaries/suspend.o
                                         0x54 (size before relaxing)
 .eh_frame      0x0000000000114f04       0x2c binaries/unsleep.o
                                         0x44 (size before relaxing)
 .eh_frame      0x0000000000114f30       0x18 binaries/userret.o
                                         0x30 (size before relaxing)
 .eh_frame      0x0000000000114f48       0x34 binaries/wait.o
                                         0x4c (size before relaxing)
 .eh_frame      0x0000000000114f7c       0x18 binaries/wakeup.o
                                         0x30 (size before relaxing)
 .eh_frame      0x0000000000114f94       0x2c binaries/write.o
                                         0x44 (size before relaxing)
 .eh_frame      0x0000000000114fc0       0x18 binaries/xdone.o
                                         0x30 (size before relaxing)
 .eh_frame      0x0000000000114fd8       0x20 binaries/yield.o
                                         0x38 (size before relaxing)
 .eh_frame      0x0000000000114ff8       0x14 binaries/abs.o
                                         0x2c (size before relaxing)
 .eh_frame      0x000000000011500c       0x24 binaries/atoi.o
                                         0x3c (size before relaxing)
 .eh_frame      0x0000000000115030       0x24 binaries/atol.o
                                         0x3c (size before relaxing)
 .eh_frame      0x0000000000115054       0x14 binaries/bzero.o
                                         0x2c (size before relaxing)
 .eh_frame      0x0000000000115068       0xd4 binaries/doprnt.o
                                         0xec (size before relaxing)
 .eh_frame      0x000000000011513c       0x40 binaries/doscan.o
                                         0x58 (size before relaxing)
 .eh_frame      0x000000000011517c       0x7c binaries/fdoprnt.o
                                         0x94 (size before relaxing)
 .eh_frame      0x00000000001151f8       0x18 binaries/fgetc.o
                                         0x30 (size before relaxing)
 .eh_frame      0x0000000000115210       0x3c binaries/fgets.o
                                         0x54 (size before relaxing)
 .eh_frame      0x000000000011524c       0x18 binaries/fprintf.o
                                         0x30 (size before relaxing)
 .eh_frame      0x0000000000115264       0x20 binaries/fputc.o
                                         0x38 (size before relaxing)
 .eh_frame      0x0000000000115284       0x2c binaries/fputs.o
                                         0x44 (size before relaxing)
 .eh_frame      0x00000000001152b0       0x4c binaries/fscanf.o
                                         0x64 (size before relaxing)
 .eh_frame      0x00000000001152fc       0x18 binaries/getchar.o
                                         0x30 (size before relaxing)
 .eh_frame      0x0000000000115314       0x14 binaries/labs.o
                                         0x2c (size before relaxing)
 .eh_frame      0x0000000000115328       0x14 binaries/memchr.o
                                         0x2c (size before relaxing)
 .eh_frame      0x000000000011533c       0x24 binaries/memcmp.o
                                         0x3c (size before relaxing)
 .eh_frame      0x0000000000115360       0x24 binaries/memcpy.o
                                         0x3c (size before relaxing)
 .eh_frame      0x0000000000115384       0x1c binaries/memset.o
                                         0x34 (size before relaxing)
 .eh_frame      0x00000000001153a0       0x18 binaries/printf.o
                                         0x30 (size before relaxing)
 .eh_frame      0x00000000001153b8       0x18 binaries/putchar.o
                                         0x30 (size before relaxing)
 .eh_frame      0x00000000001153d0       0xa8 binaries/qsort.o
                                         0xc0 (size before relaxing)
 .eh_frame      0x0000000000115478       0x28 binaries/rand.o
                                         0x40 (size before relaxing)
 .eh_frame      0x00000000001154a0       0x34 binaries/sprintf.o
                                         0x4c (size before relaxing)
 .eh_frame      0x00000000001154d4       0x40 binaries/sscanf.o
                                         0x58 (size before relaxing)
 .eh_frame      0x0000000000115514       0x14 binaries/strchr.o
                                         0x2c (size before relaxing)
 .eh_frame      0x0000000000115528       0x1c binaries/strcmp.o
                                         0x34 (size before relaxing)
 .eh_frame      0x0000000000115544       0x14 binaries/strcpy.o
                                         0x2c (size before relaxing)
 .eh_frame      0x0000000000115558       0x14 binaries/strlen.o
                                         0x2c (size before relaxing)
 .eh_frame      0x000000000011556c       0x24 binaries/strncat.o
                                         0x3c (size before relaxing)
 .eh_frame      0x0000000000115590       0x24 binaries/strncmp.o
                                         0x3c (size before relaxing)
 .eh_frame      0x00000000001155b4       0x30 binaries/strncpy.o
                                         0x48 (size before relaxing)
 .eh_frame      0x00000000001155e4       0x14 binaries/strnlen.o
                                         0x2c (size before relaxing)
 .eh_frame      0x00000000001155f8       0x1c binaries/strrchr.o
                                         0x34 (size before relaxing)
 .eh_frame      0x0000000000115614       0x38 binaries/strstr.o
                                         0x50 (size before relaxing)
 .eh_frame      0x000000000011564c       0x2c binaries/ttycontrol.o
                                         0x44 (size before relaxing)
 .eh_frame      0x0000000000115678       0x2c binaries/ttygetc.o
                                         0x44 (size before relaxing)
 .eh_frame      0x00000000001156a4       0x90 binaries/ttyhandle_in.o
                                         0xa8 (size before relaxing)
 .eh_frame      0x0000000000115734       0x40 binaries/ttyhandle_out.o
                                         0x58 (size before relaxing)
 .eh_frame      0x0000000000115774       0x2c binaries/ttyhandler.o
                                         0x44 (size before relaxing)
 .eh_frame      0x00000000001157a0       0x2c binaries/ttyinit.o
                                         0x44 (size before relaxing)
 .eh_frame      0x00000000001157cc       0x14 binaries/ttykickout.o
                                         0x2c (size before relaxing)
 .eh_frame      0x00000000001157e0       0x34 binaries/ttyputc.o
                                         0x4c (size before relaxing)
 .eh_frame      0x0000000000115814       0x3c binaries/ttyread.o
                                         0x54 (size before relaxing)
 .eh_frame      0x0000000000115850       0x34 binaries/ttywrite.o
                                         0x4c (size before relaxing)
 .eh_frame      0x0000000000115884       0x50 binaries/mount.o
                                         0x68 (size before relaxing)
 .eh_frame      0x00000000001158d4       0x40 binaries/naminit.o
                                         0x58 (size before relaxing)
 .eh_frame      0x0000000000115914       0xa4 binaries/nammap.o
                                         0xbc (size before relaxing)
 .eh_frame      0x00000000001159b8       0x1c binaries/namopen.o
                                         0x34 (size before relaxing)
 .eh_frame      0x00000000001159d4       0x3c binaries/colon2mac.o
                                         0x54 (size before relaxing)
 .eh_frame      0x0000000000115a10       0x18 binaries/ethcontrol.o
                                         0x30 (size before relaxing)
 .eh_frame      0x0000000000115a28       0x34 binaries/ethhandler.o
                                         0x4c (size before relaxing)
 .eh_frame      0x0000000000115a5c       0x94 binaries/ethinit.o
                                         0xac (size before relaxing)
 .eh_frame      0x0000000000115af0       0x68 binaries/ethmcast.o
                                         0x80 (size before relaxing)
 .eh_frame      0x0000000000115b58       0x40 binaries/ethread.o
                                         0x58 (size before relaxing)
 .eh_frame      0x0000000000115b98       0x3c binaries/ethwrite.o
                                         0x54 (size before relaxing)
 .eh_frame      0x0000000000115bd4       0x24 binaries/rdsbufalloc.o
                                         0x3c (size before relaxing)
 .eh_frame      0x0000000000115bf8       0x30 binaries/rdsclose.o
                                         0x48 (size before relaxing)
 .eh_frame      0x0000000000115c28       0x40 binaries/rdscomm.o
                                         0x58 (size before relaxing)
 .eh_frame      0x0000000000115c68       0x2c binaries/rdscontrol.o
                                         0x44 (size before relaxing)
 .eh_frame      0x0000000000115c94       0x40 binaries/rdsinit.o
[...]
 .comment       0x0000000000000000       0x2e binaries/tftp.o
 .comment       0x0000000000000000       0x2e binaries/udp.o
 .comment       0x0000000000000000       0x2e binaries/addargs.o
 .comment       0x0000000000000000       0x2e binaries/lexan.o
 .comment       0x0000000000000000       0x2e binaries/shell.o
 .comment       0x0000000000000000       0x2e binaries/xsh_argecho.o
 .comment       0x0000000000000000       0x2e binaries/xsh_arp.o
 .comment       0x0000000000000000       0x2e binaries/xsh_cat.o
 .comment       0x0000000000000000       0x2e binaries/xsh_clear.o
 .comment       0x0000000000000000       0x2e binaries/xsh_date.o
 .comment       0x0000000000000000       0x2e binaries/xsh_devdump.o
 .comment       0x0000000000000000       0x2e binaries/xsh_echo.o
 .comment       0x0000000000000000       0x2e binaries/xsh_exit.o
 .comment       0x0000000000000000       0x2e binaries/xsh_help.o
 .comment       0x0000000000000000       0x2e binaries/xsh_ipaddr.o
 .comment       0x0000000000000000       0x2e binaries/xsh_kill.o
 .comment       0x0000000000000000       0x2e binaries/xsh_memdump.o
 .comment       0x0000000000000000       0x2e binaries/xsh_memstat.o
 .comment       0x0000000000000000       0x2e binaries/xsh_ping.o
 .comment       0x0000000000000000       0x2e binaries/xsh_ps.o
 .comment       0x0000000000000000       0x2e binaries/xsh_sleep.o
 .comment       0x0000000000000000       0x2e binaries/xsh_udpdump.o
 .comment       0x0000000000000000       0x2e binaries/xsh_udpecho.o
 .comment       0x0000000000000000       0x2e binaries/xsh_udpeserver.o
 .comment       0x0000000000000000       0x2e binaries/xsh_uptime.o

.note.GNU-stack
                0x0000000000000000        0x0
 .note.GNU-stack
                0x0000000000000000        0x0 binaries/ascdate.o
 .note.GNU-stack
                0x0000000000000000        0x0 binaries/bufinit.o
 .note.GNU-stack
                0x0000000000000000        0x0 binaries/chprio.o
 .note.GNU-stack
                0x0000000000000000        0x0 binaries/clkhandler.o
 .note.GNU-stack
                0x0000000000000000        0x0 binaries/clkinit.o
 .note.GNU-stack
                0x0000000000000000        0x0 binaries/close.o
 .note.GNU-stack
                0x0000000000000000        0x0 binaries/conf.o
 .note.GNU-stack
                0x0000000000000000        0x0 binaries/control.o
 .note.GNU-stack
                0x0000000000000000        0x0 binaries/create.o
 .note.GNU-stack
                0x0000000000000000        0x0 binaries/early_imr.o
 .note.GNU-stack
                0x0000000000000000        0x0 binaries/evec.o
 .note.GNU-stack
                0x0000000000000000        0x0 binaries/exit.o
 .note.GNU-stack
                0x0000000000000000        0x0 binaries/find_library_function.o
 .note.GNU-stack
                0x0000000000000000        0x0 binaries/freebuf.o
 .note.GNU-stack
                0x0000000000000000        0x0 binaries/freemem.o
 .note.GNU-stack
                0x0000000000000000        0x0 binaries/getbuf.o
 .note.GNU-stack
                0x0000000000000000        0x0 binaries/getc.o
 .note.GNU-stack
                0x0000000000000000        0x0 binaries/getdev.o
 .note.GNU-stack
                0x0000000000000000        0x0 binaries/getitem.o
 .note.GNU-stack
                0x0000000000000000        0x0 binaries/getmem.o
 .note.GNU-stack
                0x0000000000000000        0x0 binaries/getpid.o
 .note.GNU-stack
                0x0000000000000000        0x0 binaries/getprio.o
 .note.GNU-stack
                0x0000000000000000        0x0 binaries/getstk.o
 .note.GNU-stack
                0x0000000000000000        0x0 binaries/gettime.o
 .note.GNU-stack
                0x0000000000000000        0x0 binaries/getutime.o
 .note.GNU-stack
                0x0000000000000000        0x0 binaries/init.o
 .note.GNU-stack
                0x0000000000000000        0x0 binaries/initialize.o
 .note.GNU-stack
                0x0000000000000000        0x0 binaries/insert.o
 .note.GNU-stack
                0x0000000000000000        0x0 binaries/insertd.o
 .note.GNU-stack
                0x0000000000000000        0x0 binaries/ioerr.o
 .note.GNU-stack
                0x0000000000000000        0x0 binaries/ionull.o
 .note.GNU-stack
                0x0000000000000000        0x0 binaries/kill.o
 .note.GNU-stack
                0x0000000000000000        0x0 binaries/kprintf.o
 .note.GNU-stack
                0x0000000000000000        0x0 binaries/load_library.o
 .note.GNU-stack
                0x0000000000000000        0x0 binaries/load_program.o
 .note.GNU-stack
                0x0000000000000000        0x0 binaries/main.o
 .note.GNU-stack
                0x0000000000000000        0x0 binaries/mark.o
 .note.GNU-stack
                0x0000000000000000        0x0 binaries/meminit.o
 .note.GNU-stack
                0x0000000000000000        0x0 binaries/mkbufpool.o
 .note.GNU-stack
                0x0000000000000000        0x0 binaries/newqueue.o
 .note.GNU-stack
                0x0000000000000000        0x0 binaries/open.o
 .note.GNU-stack
                0x0000000000000000        0x0 binaries/panic.o
 .note.GNU-stack
                0x0000000000000000        0x0 binaries/pci.o
 .note.GNU-stack
                0x0000000000000000        0x0 binaries/platinit.o
 .note.GNU-stack
                0x0000000000000000        0x0 binaries/ptclear.o
 .note.GNU-stack
                0x0000000000000000        0x0 binaries/ptcount.o
 .note.GNU-stack
                0x0000000000000000        0x0 binaries/ptcreate.o
 .note.GNU-stack
                0x0000000000000000        0x0 binaries/ptdelete.o
 .note.GNU-stack
                0x0000000000000000        0x0 binaries/ptinit.o
 .note.GNU-stack
                0x0000000000000000        0x0 binaries/ptrecv.o
 .note.GNU-stack
                0x0000000000000000        0x0 binaries/ptreset.o
 .note.GNU-stack
                0x0000000000000000        0x0 binaries/ptsend.o
 .note.GNU-stack
                0x0000000000000000        0x0 binaries/putc.o
 .note.GNU-stack
                0x0000000000000000        0x0 binaries/quark_irq.o
 .note.GNU-stack
                0x0000000000000000        0x0 binaries/quark_pdat.o
 .note.GNU-stack
                0x0000000000000000        0x0 binaries/queue.o
 .note.GNU-stack
                0x0000000000000000        0x0 binaries/read.o
 .note.GNU-stack
                0x0000000000000000        0x0 binaries/ready.o
 .note.GNU-stack
                0x0000000000000000        0x0 binaries/receive.o
 .note.GNU-stack
                0x0000000000000000        0x0 binaries/recvclr.o
 .note.GNU-stack
                0x0000000000000000        0x0 binaries/recvtime.o
 .note.GNU-stack
                0x0000000000000000        0x0 binaries/resched.o
 .note.GNU-stack
                0x0000000000000000        0x0 binaries/resume.o
 .note.GNU-stack
                0x0000000000000000        0x0 binaries/seek.o
 .note.GNU-stack
                0x0000000000000000        0x0 binaries/semcount.o
 .note.GNU-stack
                0x0000000000000000        0x0 binaries/semcreate.o
 .note.GNU-stack
                0x0000000000000000        0x0 binaries/semdelete.o
 .note.GNU-stack
                0x0000000000000000        0x0 binaries/semreset.o
 .note.GNU-stack
                0x0000000000000000        0x0 binaries/send.o
 .note.GNU-stack
                0x0000000000000000        0x0 binaries/signal.o
 .note.GNU-stack
                0x0000000000000000        0x0 binaries/signaln.o
 .note.GNU-stack
                0x0000000000000000        0x0 binaries/sleep.o
 .note.GNU-stack
                0x0000000000000000        0x0 binaries/stacktrace.o
 .note.GNU-stack
                0x0000000000000000        0x0 binaries/suspend.o
 .note.GNU-stack
                0x0000000000000000        0x0 binaries/unsleep.o
 .note.GNU-stack
                0x0000000000000000        0x0 binaries/userret.o
 .note.GNU-stack
                0x0000000000000000        0x0 binaries/wait.o
 .note.GNU-stack
                0x0000000000000000        0x0 binaries/wakeup.o
 .note.GNU-stack
                0x0000000000000000        0x0 binaries/write.o
 .note.GNU-stack
                0x0000000000000000        0x0 binaries/xdone.o
 .note.GNU-stack
                0x0000000000000000        0x0 binaries/yield.o
 .note.GNU-stack
                0x0000000000000000        0x0 binaries/abs.o
 .note.GNU-stack
                0x0000000000000000        0x0 binaries/atoi.o
 .note.GNU-stack
                0x0000000000000000        0x0 binaries/atol.o
 .note.GNU-stack
                0x0000000000000000        0x0 binaries/bzero.o
 .note.GNU-stack
                0x0000000000000000        0x0 binaries/ctype_.o
 .note.GNU-stack
                0x0000000000000000        0x0 binaries/doprnt.o
 .note.GNU-stack
                0x0000000000000000        0x0 binaries/doscan.o
 .note.GNU-stack
                0x0000000000000000        0x0 binaries/fdoprnt.o
 .note.GNU-stack
                0x0000000000000000        0x0 binaries/fgetc.o
 .note.GNU-stack
                0x0000000000000000        0x0 binaries/fgets.o
 .note.GNU-stack
                0x0000000000000000        0x0 binaries/fprintf.o
 .note.GNU-stack
                0x0000000000000000        0x0 binaries/fputc.o
 .note.GNU-stack
                0x0000000000000000        0x0 binaries/fputs.o
 .note.GNU-stack
                0x0000000000000000        0x0 binaries/fscanf.o
 .note.GNU-stack
                0x0000000000000000        0x0 binaries/getchar.o
 .note.GNU-stack
                0x0000000000000000        0x0 binaries/labs.o
 .note.GNU-stack
                0x0000000000000000        0x0 binaries/memchr.o
 .note.GNU-stack
                0x0000000000000000        0x0 binaries/memcmp.o
 .note.GNU-stack
                0x0000000000000000        0x0 binaries/memcpy.o
 .note.GNU-stack
                0x0000000000000000        0x0 binaries/memset.o
 .note.GNU-stack
                0x0000000000000000        0x0 binaries/printf.o
 .note.GNU-stack
                0x0000000000000000        0x0 binaries/putchar.o
 .note.GNU-stack
                0x0000000000000000        0x0 binaries/qsort.o
 .note.GNU-stack
                0x0000000000000000        0x0 binaries/rand.o
 .note.GNU-stack
                0x0000000000000000        0x0 binaries/sprintf.o
 .note.GNU-stack
                0x0000000000000000        0x0 binaries/sscanf.o
 .note.GNU-stack
                0x0000000000000000        0x0 binaries/strchr.o
 .note.GNU-stack
                0x0000000000000000        0x0 binaries/strcmp.o
 .note.GNU-stack
                0x0000000000000000        0x0 binaries/strcpy.o
 .note.GNU-stack
                0x0000000000000000        0x0 binaries/strlen.o
 .note.GNU-stack
                0x0000000000000000        0x0 binaries/strncat.o
 .note.GNU-stack
                0x0000000000000000        0x0 binaries/strncmp.o
 .note.GNU-stack
                0x0000000000000000        0x0 binaries/strncpy.o
 .note.GNU-stack
                0x0000000000000000        0x0 binaries/strnlen.o
 .note.GNU-stack
                0x0000000000000000        0x0 binaries/strrchr.o
 .note.GNU-stack
                0x0000000000000000        0x0 binaries/strstr.o
 .note.GNU-stack
                0x0000000000000000        0x0 binaries/ttycontrol.o
 .note.GNU-stack
                0x0000000000000000        0x0 binaries/ttygetc.o
 .note.GNU-stack
                0x0000000000000000        0x0 binaries/ttyhandle_in.o
 .note.GNU-stack
                0x0000000000000000        0x0 binaries/ttyhandle_out.o
 .note.GNU-stack
                0x0000000000000000        0x0 binaries/ttyhandler.o
 .note.GNU-stack
                0x0000000000000000        0x0 binaries/ttyinit.o
 .note.GNU-stack
                0x0000000000000000        0x0 binaries/ttykickout.o
 .note.GNU-stack
                0x0000000000000000        0x0 binaries/ttyputc.o
 .note.GNU-stack
                0x0000000000000000        0x0 binaries/ttyread.o
 .note.GNU-stack
                0x0000000000000000        0x0 binaries/ttywrite.o
 .note.GNU-stack
                0x0000000000000000        0x0 binaries/mount.o
 .note.GNU-stack
                0x0000000000000000        0x0 binaries/naminit.o
 .note.GNU-stack
                0x0000000000000000        0x0 binaries/nammap.o
 .note.GNU-stack
                0x0000000000000000        0x0 binaries/namopen.o
 .note.GNU-stack
                0x0000000000000000        0x0 binaries/colon2mac.o
 .note.GNU-stack
                0x0000000000000000        0x0 binaries/ethcontrol.o
 .note.GNU-stack
                0x0000000000000000        0x0 binaries/ethhandler.o
 .note.GNU-stack
                0x0000000000000000        0x0 binaries/ethinit.o
 .note.GNU-stack
                0x0000000000000000        0x0 binaries/ethmcast.o
 .note.GNU-stack
                0x0000000000000000        0x0 binaries/ethread.o
 .note.GNU-stack
                0x0000000000000000        0x0 binaries/ethwrite.o
 .note.GNU-stack
                0x0000000000000000        0x0 binaries/rdsbufalloc.o
 .note.GNU-stack
                0x0000000000000000        0x0 binaries/rdsclose.o
 .note.GNU-stack
                0x0000000000000000        0x0 binaries/rdscomm.o
 .note.GNU-stack
                0x0000000000000000        0x0 binaries/rdscontrol.o
 .note.GNU-stack
                0x0000000000000000        0x0 binaries/rdsinit.o
 .note.GNU-stack
                0x0000000000000000        0x0 binaries/rdsopen.o
 .note.GNU-stack
                0x0000000000000000        0x0 binaries/rdsprocess.o
 .note.GNU-stack
                0x0000000000000000        0x0 binaries/rdsread.o
 .note.GNU-stack
                0x0000000000000000        0x0 binaries/rdswrite.o
 .note.GNU-stack
                0x0000000000000000        0x0 binaries/ramclose.o
 .note.GNU-stack
                0x0000000000000000        0x0 binaries/raminit.o
 .note.GNU-stack
                0x0000000000000000        0x0 binaries/ramopen.o
 .note.GNU-stack
                0x0000000000000000        0x0 binaries/ramread.o
 .note.GNU-stack
                0x0000000000000000        0x0 binaries/ramwrite.o
 .note.GNU-stack
                0x0000000000000000        0x0 binaries/lfdballoc.o
 .note.GNU-stack
                0x0000000000000000        0x0 binaries/lfdbfree.o
 .note.GNU-stack
                0x0000000000000000        0x0 binaries/lfflush.o
 .note.GNU-stack
                0x0000000000000000        0x0 binaries/lfgetmode.o
 .note.GNU-stack
                0x0000000000000000        0x0 binaries/lfiballoc.o
 .note.GNU-stack
                0x0000000000000000        0x0 binaries/lfibclear.o
 .note.GNU-stack
                0x0000000000000000        0x0 binaries/lfibget.o
 .note.GNU-stack
                0x0000000000000000        0x0 binaries/lfibput.o
 .note.GNU-stack
                0x0000000000000000        0x0 binaries/lflclose.o
 .note.GNU-stack
                0x0000000000000000        0x0 binaries/lflcontrol.o
 .note.GNU-stack
                0x0000000000000000        0x0 binaries/lflgetc.o
 .note.GNU-stack
                0x0000000000000000        0x0 binaries/lflinit.o
 .note.GNU-stack
                0x0000000000000000        0x0 binaries/lflputc.o
 .note.GNU-stack
                0x0000000000000000        0x0 binaries/lflread.o
 .note.GNU-stack
                0x0000000000000000        0x0 binaries/lflseek.o
 .note.GNU-stack
                0x0000000000000000        0x0 binaries/lflwrite.o
 .note.GNU-stack
                0x0000000000000000        0x0 binaries/lfsckfmt.o
 .note.GNU-stack
                0x0000000000000000        0x0 binaries/lfscreate.o
 .note.GNU-stack
                0x0000000000000000        0x0 binaries/lfsetup.o
 .note.GNU-stack
                0x0000000000000000        0x0 binaries/lfsinit.o
 .note.GNU-stack
                0x0000000000000000        0x0 binaries/lfsopen.o
 .note.GNU-stack
                0x0000000000000000        0x0 binaries/lftruncate.o
 .note.GNU-stack
                0x0000000000000000        0x0 binaries/rflclose.o
 .note.GNU-stack
                0x0000000000000000        0x0 binaries/rflgetc.o
 .note.GNU-stack
                0x0000000000000000        0x0 binaries/rflinit.o
 .note.GNU-stack
                0x0000000000000000        0x0 binaries/rflputc.o
 .note.GNU-stack
                0x0000000000000000        0x0 binaries/rflread.o
 .note.GNU-stack
                0x0000000000000000        0x0 binaries/rflseek.o
 .note.GNU-stack
                0x0000000000000000        0x0 binaries/rflwrite.o
 .note.GNU-stack
                0x0000000000000000        0x0 binaries/rfscomm.o
 .note.GNU-stack
                0x0000000000000000        0x0 binaries/rfscontrol.o
 .note.GNU-stack
                0x0000000000000000        0x0 binaries/rfsgetmode.o
 .note.GNU-stack
                0x0000000000000000        0x0 binaries/rfsinit.o
 .note.GNU-stack
                0x0000000000000000        0x0 binaries/rfsndmsg.o
 .note.GNU-stack
                0x0000000000000000        0x0 binaries/rfsopen.o
 .note.GNU-stack
                0x0000000000000000        0x0 binaries/arp.o
 .note.GNU-stack
                0x0000000000000000        0x0 binaries/dhcp.o
 .note.GNU-stack
                0x0000000000000000        0x0 binaries/dns.o
 .note.GNU-stack
                0x0000000000000000        0x0 binaries/dot2ip.o
 .note.GNU-stack
                0x0000000000000000        0x0 binaries/hexdump.o
 .note.GNU-stack
                0x0000000000000000        0x0 binaries/icmp.o
 .note.GNU-stack
                0x0000000000000000        0x0 binaries/ip.o
 .note.GNU-stack
                0x0000000000000000        0x0 binaries/net.o
 .note.GNU-stack
                0x0000000000000000        0x0 binaries/netstart.o
 .note.GNU-stack
                0x0000000000000000        0x0 binaries/pdump.o
 .note.GNU-stack
                0x0000000000000000        0x0 binaries/tftp.o
 .note.GNU-stack
                0x0000000000000000        0x0 binaries/udp.o
 .note.GNU-stack
                0x0000000000000000        0x0 binaries/addargs.o
 .note.GNU-stack
                0x0000000000000000        0x0 binaries/lexan.o
 .note.GNU-stack
                0x0000000000000000        0x0 binaries/shell.o
 .note.GNU-stack
                0x0000000000000000        0x0 binaries/xsh_argecho.o
 .note.GNU-stack
                0x0000000000000000        0x0 binaries/xsh_arp.o
 .note.GNU-stack
                0x0000000000000000        0x0 binaries/xsh_cat.o
 .note.GNU-stack
                0x0000000000000000        0x0 binaries/xsh_clear.o
 .note.GNU-stack
                0x0000000000000000        0x0 binaries/xsh_date.o
 .note.GNU-stack
                0x0000000000000000        0x0 binaries/xsh_devdump.o
 .note.GNU-stack
                0x0000000000000000        0x0 binaries/xsh_echo.o
 .note.GNU-stack
                0x0000000000000000        0x0 binaries/xsh_exit.o
 .note.GNU-stack
                0x0000000000000000        0x0 binaries/xsh_help.o
 .note.GNU-stack
                0x0000000000000000        0x0 binaries/xsh_ipaddr.o
 .note.GNU-stack
                0x0000000000000000        0x0 binaries/xsh_kill.o
 .note.GNU-stack
                0x0000000000000000        0x0 binaries/xsh_memdump.o
 .note.GNU-stack
                0x0000000000000000        0x0 binaries/xsh_memstat.o
 .note.GNU-stack
                0x0000000000000000        0x0 binaries/xsh_ping.o
 .note.GNU-stack
                0x0000000000000000        0x0 binaries/xsh_ps.o
 .note.GNU-stack
                0x0000000000000000        0x0 binaries/xsh_sleep.o
 .note.GNU-stack
                0x0000000000000000        0x0 binaries/xsh_udpdump.o
 .note.GNU-stack
                0x0000000000000000        0x0 binaries/xsh_udpecho.o
 .note.GNU-stack
                0x0000000000000000        0x0 binaries/xsh_udpeserver.o
 .note.GNU-stack
                0x0000000000000000        0x0 binaries/xsh_uptime.o
